Archive member included to satisfy reference by file (symbol)

app/libapp.a(main.c.obj)      (--whole-archive)
zephyr/libzephyr.a(heap.c.obj)
                              (--whole-archive)
zephyr/libzephyr.a(cbprintf_packaged.c.obj)
                              (--whole-archive)
zephyr/libzephyr.a(printk.c.obj)
                              (--whole-archive)
zephyr/libzephyr.a(sem.c.obj)
                              (--whole-archive)
zephyr/libzephyr.a(thread_entry.c.obj)
                              (--whole-archive)
zephyr/libzephyr.a(cbprintf_complete.c.obj)
                              (--whole-archive)
zephyr/libzephyr.a(assert.c.obj)
                              (--whole-archive)
zephyr/libzephyr.a(dec.c.obj)
                              (--whole-archive)
zephyr/libzephyr.a(hex.c.obj)
                              (--whole-archive)
zephyr/libzephyr.a(rb.c.obj)  (--whole-archive)
zephyr/libzephyr.a(timeutil.c.obj)
                              (--whole-archive)
zephyr/libzephyr.a(bitarray.c.obj)
                              (--whole-archive)
zephyr/libzephyr.a(onoff.c.obj)
                              (--whole-archive)
zephyr/libzephyr.a(notify.c.obj)
                              (--whole-archive)
zephyr/libzephyr.a(configs.c.obj)
                              (--whole-archive)
zephyr/libzephyr.a(log_core.c.obj)
                              (--whole-archive)
zephyr/libzephyr.a(log_mgmt.c.obj)
                              (--whole-archive)
zephyr/libzephyr.a(log_cache.c.obj)
                              (--whole-archive)
zephyr/libzephyr.a(log_msg.c.obj)
                              (--whole-archive)
zephyr/libzephyr.a(log_output.c.obj)
                              (--whole-archive)
zephyr/libzephyr.a(log_backend_rtt.c.obj)
                              (--whole-archive)
zephyr/libzephyr.a(log_backend_uart.c.obj)
                              (--whole-archive)
zephyr/libzephyr.a(mem_attr.c.obj)
                              (--whole-archive)
zephyr/libzephyr.a(tracing_none.c.obj)
                              (--whole-archive)
zephyr/libzephyr.a(banner.c.obj)
                              (--whole-archive)
zephyr/libzephyr.a(flash_map_partition_manager.c.obj)
                              (--whole-archive)
zephyr/arch/common/libarch__common.a(sw_isr_common.c.obj)
                              (--whole-archive)
zephyr/arch/arch/arm/core/libarch__arm__core.a(fatal.c.obj)
                              (--whole-archive)
zephyr/arch/arch/arm/core/libarch__arm__core.a(nmi.c.obj)
                              (--whole-archive)
zephyr/arch/arch/arm/core/libarch__arm__core.a(nmi_on_reset.S.obj)
                              (--whole-archive)
zephyr/arch/arch/arm/core/libarch__arm__core.a(tls.c.obj)
                              (--whole-archive)
zephyr/arch/arch/arm/core/cortex_m/libarch__arm__core__cortex_m.a(exc_exit.c.obj)
                              (--whole-archive)
zephyr/arch/arch/arm/core/cortex_m/libarch__arm__core__cortex_m.a(fault.c.obj)
                              (--whole-archive)
zephyr/arch/arch/arm/core/cortex_m/libarch__arm__core__cortex_m.a(fault_s.S.obj)
                              (--whole-archive)
zephyr/arch/arch/arm/core/cortex_m/libarch__arm__core__cortex_m.a(fpu.c.obj)
                              (--whole-archive)
zephyr/arch/arch/arm/core/cortex_m/libarch__arm__core__cortex_m.a(reset.S.obj)
                              (--whole-archive)
zephyr/arch/arch/arm/core/cortex_m/libarch__arm__core__cortex_m.a(scb.c.obj)
                              (--whole-archive)
zephyr/arch/arch/arm/core/cortex_m/libarch__arm__core__cortex_m.a(thread_abort.c.obj)
                              (--whole-archive)
zephyr/arch/arch/arm/core/cortex_m/libarch__arm__core__cortex_m.a(vector_table.S.obj)
                              (--whole-archive)
zephyr/arch/arch/arm/core/cortex_m/libarch__arm__core__cortex_m.a(swap.c.obj)
                              (--whole-archive)
zephyr/arch/arch/arm/core/cortex_m/libarch__arm__core__cortex_m.a(swap_helper.S.obj)
                              (--whole-archive)
zephyr/arch/arch/arm/core/cortex_m/libarch__arm__core__cortex_m.a(irq_manage.c.obj)
                              (--whole-archive)
zephyr/arch/arch/arm/core/cortex_m/libarch__arm__core__cortex_m.a(prep_c.c.obj)
                              (--whole-archive)
zephyr/arch/arch/arm/core/cortex_m/libarch__arm__core__cortex_m.a(thread.c.obj)
                              (--whole-archive)
zephyr/arch/arch/arm/core/cortex_m/libarch__arm__core__cortex_m.a(cpu_idle.c.obj)
                              (--whole-archive)
zephyr/arch/arch/arm/core/cortex_m/libarch__arm__core__cortex_m.a(irq_init.c.obj)
                              (--whole-archive)
zephyr/arch/arch/arm/core/cortex_m/libarch__arm__core__cortex_m.a(isr_wrapper.c.obj)
                              (--whole-archive)
zephyr/arch/arch/arm/core/cortex_m/libarch__arm__core__cortex_m.a(__aeabi_read_tp.S.obj)
[...]
Memory Configuration

Name             Origin             Length             Attributes
FLASH            0x0000000000000000 0x0000000000080000 xr
RAM              0x0000000020000000 0x0000000000020000 xw
IDT_LIST         0x00000000ffff7fff 0x0000000000008000 xw
*default*        0x0000000000000000 0xffffffffffffffff

Linker script and memory map

                0x0000000000004f18                vfprintf = __l_vfprintf
                0x0000000000000000                vfscanf = __l_vfscanf
LOAD zephyr/CMakeFiles/zephyr_pre0.dir/misc/empty_file.c.obj
LOAD zephyr/CMakeFiles/offsets.dir/./arch/arm/core/offsets/offsets.c.obj
LOAD app/libapp.a
LOAD zephyr/libzephyr.a
LOAD zephyr/arch/common/libarch__common.a
LOAD zephyr/arch/arch/arm/core/libarch__arm__core.a
LOAD zephyr/arch/arch/arm/core/cortex_m/libarch__arm__core__cortex_m.a
LOAD zephyr/arch/arch/arm/core/mpu/libarch__arm__core__mpu.a
LOAD zephyr/lib/libc/picolibc/liblib__libc__picolibc.a
LOAD zephyr/lib/libc/common/liblib__libc__common.a
LOAD zephyr/soc/soc/nrf52833/libsoc__nordic.a
LOAD zephyr/drivers/clock_control/libdrivers__clock_control.a
LOAD zephyr/drivers/console/libdrivers__console.a
LOAD zephyr/drivers/gpio/libdrivers__gpio.a
LOAD zephyr/drivers/led/libdrivers__led.a
LOAD zephyr/drivers/pinctrl/libdrivers__pinctrl.a
LOAD zephyr/drivers/pwm/libdrivers__pwm.a
LOAD zephyr/drivers/serial/libdrivers__serial.a
LOAD zephyr/drivers/timer/libdrivers__timer.a
LOAD modules/hal_nordic/nrfx/libmodules__hal_nordic__nrfx.a
LOAD modules/segger/libmodules__segger.a
LOAD zephyr/kernel/libkernel.a
LOAD zephyr/arch/common/libisr_tables.a
LOAD /opt/nordic/ncs/toolchains/b8efef2ad5/opt/zephyr-sdk/arm-zephyr-eabi/bin/../lib/gcc/../../picolibc/arm-zephyr-eabi/lib/thumb/v7e-m/nofp/libc.a
LOAD /opt/nordic/ncs/toolchains/b8efef2ad5/opt/zephyr-sdk/arm-zephyr-eabi/bin/../lib/gcc/arm-zephyr-eabi/12.2.0/thumb/v7e-m/nofp/libgcc.a
                0x0000000000000020                _region_min_align = 0x20

.rel.plt        0x0000000000000000        0x0
 *(SORT_BY_ALIGNMENT(.rel.plt))
                [!provide]                        PROVIDE (__rel_iplt_start = .)
 *(SORT_BY_ALIGNMENT(.rel.iplt))
 .rel.iplt      0x0000000000000000        0x0 app/libapp.a(main.c.obj)
                [!provide]                        PROVIDE (__rel_iplt_end = .)

.rela.plt       0x0000000000000000        0x0
 *(SORT_BY_ALIGNMENT(.rela.plt))
                [!provide]                        PROVIDE (__rela_iplt_start = .)
 *(SORT_BY_ALIGNMENT(.rela.iplt))
                [!provide]                        PROVIDE (__rela_iplt_end = .)

.rel.dyn
 *(SORT_BY_ALIGNMENT(.rel.*))

.rela.dyn
 *(SORT_BY_ALIGNMENT(.rela.*))

/DISCARD/
 *(SORT_BY_ALIGNMENT(.plt))

/DISCARD/
 *(SORT_BY_ALIGNMENT(.iplt))
                0x0000000000000000                __rom_region_start = 0x0

rom_start       0x0000000000000000      0x100
                0x0000000000000000                __rom_start_address = .
 FILL mask 0x00
                0x0000000000000000                . = (. + (0x0 - (. - __rom_start_address)))
                0x0000000000000000                . = ALIGN (0x4)
                0x0000000000000000                . = ALIGN (0x80)
                0x0000000000000000                . = ALIGN (0x100)
                0x0000000000000000                _vector_start = .
 *(SORT_BY_ALIGNMENT(.exc_vector_table))
 *(SORT_BY_ALIGNMENT(.exc_vector_table.*))
 .exc_vector_table._vector_table_section
                0x0000000000000000       0x40 zephyr/arch/arch/arm/core/cortex_m/libarch__arm__core__cortex_m.a(vector_table.S.obj)
                0x0000000000000000                _vector_table
 *(SORT_BY_ALIGNMENT(.vectors))
                0x0000000000000100                _vector_end = .
                0x0000000000000040                . = ALIGN (0x4)
 *(SORT_BY_ALIGNMENT(.gnu.linkonce.irq_vector_table*))
 .gnu.linkonce.irq_vector_table
                0x0000000000000040       0xc0 zephyr/arch/common/libisr_tables.a(isr_tables.c.obj)
                0x0000000000000040                _irq_vector_table
                0x0000000000000100                _vector_end = .

text            0x0000000000000100     0x6388
                0x0000000000000100                __text_region_start = .
 *(SORT_BY_ALIGNMENT(.text))
 .text          0x0000000000000100       0x30 /opt/nordic/ncs/toolchains/b8efef2ad5/opt/zephyr-sdk/arm-zephyr-eabi/bin/../lib/gcc/arm-zephyr-eabi/12.2.0/thumb/v7e-m/nofp/libgcc.a(_aeabi_uldivmod.o)
                0x0000000000000100                __aeabi_uldivmod
 .text          0x0000000000000130        0x4 /opt/nordic/ncs/toolchains/b8efef2ad5/opt/zephyr-sdk/arm-zephyr-eabi/bin/../lib/gcc/arm-zephyr-eabi/12.2.0/thumb/v7e-m/nofp/libgcc.a(_dvmd_tls.o)
                0x0000000000000130                __aeabi_ldiv0
                0x0000000000000130                __aeabi_idiv0
 .text          0x0000000000000134       0x10 /opt/nordic/ncs/toolchains/b8efef2ad5/opt/zephyr-sdk/arm-zephyr-eabi/bin/../lib/gcc/../../picolibc/arm-zephyr-eabi/lib/thumb/v7e-m/nofp/libc.a(strlen.S.o)
                0x0000000000000134                strlen
 .text          0x0000000000000144      0x2a0 /opt/nordic/ncs/toolchains/b8efef2ad5/opt/zephyr-sdk/arm-zephyr-eabi/bin/../lib/gcc/arm-zephyr-eabi/12.2.0/thumb/v7e-m/nofp/libgcc.a(_udivmoddi4.o)
                0x0000000000000144                __udivmoddi4
 *(SORT_BY_ALIGNMENT(.text.*))
 *fill*         0x00000000000003e4        0x4 
 .text.pwm_set  0x00000000000003e8       0x9c zephyr/drivers/led/libdrivers__led.a(led_pwm.c.obj)
 .text.main     0x0000000000000484      0x13c app/libapp.a(main.c.obj)
                0x0000000000000484                main
 .text.cbvprintf_package
                0x00000000000005c0      0x3a4 zephyr/libzephyr.a(cbprintf_packaged.c.obj)
                0x00000000000005c0                cbvprintf_package
 .text.__printk_hook_install
                0x0000000000000964        0xc zephyr/libzephyr.a(printk.c.obj)
                0x0000000000000964                __printk_hook_install
 .text.z_thread_entry
                0x0000000000000970       0x34 zephyr/libzephyr.a(thread_entry.c.obj)
                0x0000000000000970                z_thread_entry
 .text.process_event
                0x00000000000009a4      0x21c zephyr/libzephyr.a(onoff.c.obj)
 .text.z_log_init.isra.0
                0x0000000000000bc0       0xd0 zephyr/libzephyr.a(log_core.c.obj)
 .text.log_format_func_t_get
                0x0000000000000c90        0xc zephyr/libzephyr.a(log_core.c.obj)
                0x0000000000000c90                log_format_func_t_get
 .text.log_set_timestamp_func
                0x0000000000000c9c       0x20 zephyr/libzephyr.a(log_core.c.obj)
                0x0000000000000c9c                log_set_timestamp_func
 .text.log_core_init
                0x0000000000000cbc       0x28 zephyr/libzephyr.a(log_core.c.obj)
                0x0000000000000cbc                log_core_init
 .text.z_impl_log_panic
                0x0000000000000ce4       0x3c zephyr/libzephyr.a(log_core.c.obj)
                0x0000000000000ce4                z_impl_log_panic
 .text.z_log_dropped
                0x0000000000000d20       0x30 zephyr/libzephyr.a(log_core.c.obj)
                0x0000000000000d20                z_log_dropped
 .text.z_log_msg_commit
                0x0000000000000d50       0x38 zephyr/libzephyr.a(log_core.c.obj)
                0x0000000000000d50                z_log_msg_commit
 .text.log_source_name_get
                0x0000000000000d88       0x1c zephyr/libzephyr.a(log_mgmt.c.obj)
                0x0000000000000d88                log_source_name_get
 .text.log_backend_enable
                0x0000000000000da4       0x28 zephyr/libzephyr.a(log_mgmt.c.obj)
                0x0000000000000da4                log_backend_enable
 .text.z_log_msg_runtime_vcreate
                0x0000000000000dcc       0xac zephyr/libzephyr.a(log_msg.c.obj)
                0x0000000000000dcc                z_log_msg_runtime_vcreate
 .text.log_msg_get_source_id
                0x0000000000000e78       0x18 zephyr/libzephyr.a(log_msg.c.obj)
                0x0000000000000e78                log_msg_get_source_id
 .text.print_formatted
                0x0000000000000e90       0x24 zephyr/libzephyr.a(log_output.c.obj)
 .text.newline_print
                0x0000000000000eb4       0x1c zephyr/libzephyr.a(log_output.c.obj)
 .text.log_output_process
                0x0000000000000ed0      0x2e0 zephyr/libzephyr.a(log_output.c.obj)
                0x0000000000000ed0                log_output_process
 .text.log_output_timestamp_freq_set
                0x00000000000011b0       0x2c zephyr/libzephyr.a(log_output.c.obj)
                0x00000000000011b0                log_output_timestamp_freq_set
 .text.log_backend_rtt_init
                0x00000000000011dc        0xc zephyr/libzephyr.a(log_backend_rtt.c.obj)
 .text.format_set
                0x00000000000011e8        0xc zephyr/libzephyr.a(log_backend_rtt.c.obj)
 .text.process  0x00000000000011f4       0x24 zephyr/libzephyr.a(log_backend_rtt.c.obj)
 .text.panic    0x0000000000001218       0x34 zephyr/libzephyr.a(log_backend_rtt.c.obj)
 .text.data_out_block_mode
                0x000000000000124c       0x70 zephyr/libzephyr.a(log_backend_rtt.c.obj)
 .text.char_out
                0x00000000000012bc       0x24 zephyr/libzephyr.a(log_backend_uart.c.obj)
 .text.mem_attr_get_regions
                0x00000000000012e0        0xc zephyr/libzephyr.a(mem_attr.c.obj)
                0x00000000000012e0                mem_attr_get_regions
 .text.boot_banner
                0x00000000000012ec       0x1c zephyr/libzephyr.a(banner.c.obj)
                0x00000000000012ec                boot_banner
 .text.z_arm_fatal_error
                0x0000000000001308       0xc4 zephyr/arch/arch/arm/core/libarch__arm__core.a(fatal.c.obj)
                0x0000000000001308                z_arm_fatal_error
 .text.z_SysNmiOnReset
                0x00000000000013cc        0x8 zephyr/arch/arch/arm/core/libarch__arm__core.a(nmi_on_reset.S.obj)
                0x00000000000013cc                z_SysNmiOnReset
 .text.arch_tls_stack_setup
                0x00000000000013d4       0x40 zephyr/arch/arch/arm/core/libarch__arm__core.a(tls.c.obj)
                0x00000000000013d4                arch_tls_stack_setup
 .text._HandlerModeExit
                0x0000000000001414       0x28 zephyr/arch/arch/arm/core/cortex_m/libarch__arm__core__cortex_m.a(exc_exit.c.obj)
                0x0000000000001414                z_arm_exc_exit
                0x0000000000001414                z_arm_int_exit
 .text.bus_fault.constprop.0
                0x000000000000143c      0x13c zephyr/arch/arch/arm/core/cortex_m/libarch__arm__core__cortex_m.a(fault.c.obj)
 .text.usage_fault.constprop.0
                0x0000000000001578      0x108 zephyr/arch/arch/arm/core/cortex_m/libarch__arm__core__cortex_m.a(fault.c.obj)
 .text.mem_manage_fault
                0x0000000000001680      0x164 zephyr/arch/arch/arm/core/cortex_m/libarch__arm__core__cortex_m.a(fault.c.obj)
 .text.z_arm_fault
                0x00000000000017e4      0x20c zephyr/arch/arch/arm/core/cortex_m/libarch__arm__core__cortex_m.a(fault.c.obj)
                0x00000000000017e4                z_arm_fault
 .text.z_arm_fault_init
                0x00000000000019f0       0x18 zephyr/arch/arch/arm/core/cortex_m/libarch__arm__core__cortex_m.a(fault.c.obj)
                0x00000000000019f0                z_arm_fault_init
 .text.__fault  0x0000000000001a08       0x14 zephyr/arch/arch/arm/core/cortex_m/libarch__arm__core__cortex_m.a(fault_s.S.obj)
                0x0000000000001a08                z_arm_bus_fault
                0x0000000000001a08                z_arm_usage_fault
                0x0000000000001a08                z_arm_mpu_fault
                0x0000000000001a08                z_arm_exc_spurious
                0x0000000000001a08                z_arm_debug_monitor
                0x0000000000001a08                z_arm_hard_fault
 .text._reset_section
                0x0000000000001a1c       0x54 zephyr/arch/arch/arm/core/cortex_m/libarch__arm__core__cortex_m.a(reset.S.obj)
                0x0000000000001a1c                z_arm_reset
                0x0000000000001a1c                __start
 .text.z_arm_clear_arm_mpu_config
                0x0000000000001a70       0x24 zephyr/arch/arch/arm/core/cortex_m/libarch__arm__core__cortex_m.a(scb.c.obj)
                0x0000000000001a70                z_arm_clear_arm_mpu_config
 .text.z_arm_init_arch_hw_at_boot
                0x0000000000001a94       0x64 zephyr/arch/arch/arm/core/cortex_m/libarch__arm__core__cortex_m.a(scb.c.obj)
                0x0000000000001a94                z_arm_init_arch_hw_at_boot
 .text.z_impl_k_thread_abort
                0x0000000000001af8       0x2c zephyr/arch/arch/arm/core/cortex_m/libarch__arm__core__cortex_m.a(thread_abort.c.obj)
                0x0000000000001af8                z_impl_k_thread_abort
 .text.arch_swap
                0x0000000000001b24       0x30 zephyr/arch/arch/arm/core/cortex_m/libarch__arm__core__cortex_m.a(swap.c.obj)
                0x0000000000001b24                arch_swap
 .text.z_arm_pendsv_c
                0x0000000000001b54       0x48 zephyr/arch/arch/arm/core/cortex_m/libarch__arm__core__cortex_m.a(swap.c.obj)
                0x0000000000001b54                z_arm_pendsv_c
 .text.z_arm_pendsv
                0x0000000000001b9c       0x34 zephyr/arch/arch/arm/core/cortex_m/libarch__arm__core__cortex_m.a(swap_helper.S.obj)
                0x0000000000001b9c                z_arm_pendsv
 .text.z_arm_svc
                0x0000000000001bd0       0x20 zephyr/arch/arch/arm/core/cortex_m/libarch__arm__core__cortex_m.a(swap_helper.S.obj)
                0x0000000000001bd0                z_arm_svc
 .text.arch_irq_enable
                0x0000000000001bf0       0x1c zephyr/arch/arch/arm/core/cortex_m/libarch__arm__core__cortex_m.a(irq_manage.c.obj)
                0x0000000000001bf0                arch_irq_enable
 .text.arch_irq_is_enabled
                0x0000000000001c0c       0x1c zephyr/arch/arch/arm/core/cortex_m/libarch__arm__core__cortex_m.a(irq_manage.c.obj)
                0x0000000000001c0c                arch_irq_is_enabled
 .text.z_arm_irq_priority_set
                0x0000000000001c28       0x30 zephyr/arch/arch/arm/core/cortex_m/libarch__arm__core__cortex_m.a(irq_manage.c.obj)
                0x0000000000001c28                z_arm_irq_priority_set
 .text.z_prep_c
                0x0000000000001c58       0x38 zephyr/arch/arch/arm/core/cortex_m/libarch__arm__core__cortex_m.a(prep_c.c.obj)
                0x0000000000001c58                z_prep_c
 .text.arch_new_thread
                0x0000000000001c90       0x38 zephyr/arch/arch/arm/core/cortex_m/libarch__arm__core__cortex_m.a(thread.c.obj)
                0x0000000000001c90                arch_new_thread
 .text.z_check_thread_stack_fail
                0x0000000000001cc8       0x2c zephyr/arch/arch/arm/core/cortex_m/libarch__arm__core__cortex_m.a(thread.c.obj)
                0x0000000000001cc8                z_check_thread_stack_fail
 .text.arch_switch_to_main_thread
                0x0000000000001cf4       0x44 zephyr/arch/arch/arm/core/cortex_m/libarch__arm__core__cortex_m.a(thread.c.obj)
                0x0000000000001cf4                arch_switch_to_main_thread
 .text.z_arm_cpu_idle_init
                0x0000000000001d38        0xc zephyr/arch/arch/arm/core/cortex_m/libarch__arm__core__cortex_m.a(cpu_idle.c.obj)
                0x0000000000001d38                z_arm_cpu_idle_init
 .text.z_arm_interrupt_init
                0x0000000000001d44       0x18 zephyr/arch/arch/arm/core/cortex_m/libarch__arm__core__cortex_m.a(irq_init.c.obj)
                0x0000000000001d44                z_arm_interrupt_init
 .text._isr_wrapper
                0x0000000000001d5c       0x24 zephyr/arch/arch/arm/core/cortex_m/libarch__arm__core__cortex_m.a(isr_wrapper.c.obj)
                0x0000000000001d5c                _isr_wrapper
 .text.z_arm_configure_static_mpu_regions
                0x0000000000001d80       0x18 zephyr/arch/arch/arm/core/mpu/libarch__arm__core__mpu.a(arm_core_mpu.c.obj)
                0x0000000000001d80                z_arm_configure_static_mpu_regions
 .text.z_arm_configure_dynamic_mpu_regions
                0x0000000000001d98       0x20 zephyr/arch/arch/arm/core/mpu/libarch__arm__core__mpu.a(arm_core_mpu.c.obj)
                0x0000000000001d98                z_arm_configure_dynamic_mpu_regions
 .text.region_allocate_and_init
                0x0000000000001db8       0x60 zephyr/arch/arch/arm/core/mpu/libarch__arm__core__mpu.a(arm_mpu.c.obj)
 .text.mpu_configure_regions
                0x0000000000001e18       0x74 zephyr/arch/arch/arm/core/mpu/libarch__arm__core__mpu.a(arm_mpu.c.obj)
 .text.arm_core_mpu_enable
                0x0000000000001e8c       0x18 zephyr/arch/arch/arm/core/mpu/libarch__arm__core__mpu.a(arm_mpu.c.obj)
                0x0000000000001e8c                arm_core_mpu_enable
 .text.arm_core_mpu_disable
                0x0000000000001ea4       0x14 zephyr/arch/arch/arm/core/mpu/libarch__arm__core__mpu.a(arm_mpu.c.obj)
                0x0000000000001ea4                arm_core_mpu_disable
 .text.arm_core_mpu_configure_static_mpu_regions
                0x0000000000001eb8       0x14 zephyr/arch/arch/arm/core/mpu/libarch__arm__core__mpu.a(arm_mpu.c.obj)
                0x0000000000001eb8                arm_core_mpu_configure_static_mpu_regions
 .text.arm_core_mpu_configure_dynamic_mpu_regions
                0x0000000000001ecc       0x38 zephyr/arch/arch/arm/core/mpu/libarch__arm__core__mpu.a(arm_mpu.c.obj)
                0x0000000000001ecc                arm_core_mpu_configure_dynamic_mpu_regions
 .text.z_arm_mpu_init
                0x0000000000001f04      0x17c zephyr/arch/arch/arm/core/mpu/libarch__arm__core__mpu.a(arm_mpu.c.obj)
                0x0000000000001f04                z_arm_mpu_init
 .text.z_impl_zephyr_fputc
                0x0000000000002080       0x10 zephyr/lib/libc/picolibc/liblib__libc__picolibc.a(libc-hooks.c.obj)
                0x0000000000002080                z_impl_zephyr_fputc
 .text.__stdout_hook_install
                0x0000000000002090       0x18 zephyr/lib/libc/picolibc/liblib__libc__picolibc.a(libc-hooks.c.obj)
                0x0000000000002090                __stdout_hook_install
 .text.cbvprintf
                0x00000000000020a8       0x38 zephyr/lib/libc/picolibc/liblib__libc__picolibc.a(libc-hooks.c.obj)
                0x00000000000020a8                cbvprintf
 .text.malloc_prepare
                0x00000000000020e0       0x24 zephyr/lib/libc/common/liblib__libc__common.a(malloc.c.obj)
 .text.nordicsemi_nrf52_init
                0x0000000000002104       0x18 zephyr/soc/soc/nrf52833/libsoc__nordic.a(soc.c.obj)
 .text.arch_busy_wait
                0x000000000000211c       0x14 zephyr/soc/soc/nrf52833/libsoc__nordic.a(soc.c.obj)
                0x000000000000211c                arch_busy_wait
 .text.onoff_stop
                0x0000000000002130       0x30 zephyr/drivers/clock_control/libdrivers__clock_control.a(clock_control_nrf.c.obj)
 .text.onoff_start
                0x0000000000002160       0x44 zephyr/drivers/clock_control/libdrivers__clock_control.a(clock_control_nrf.c.obj)
 .text.generic_hfclk_stop
                0x00000000000021a4       0x34 zephyr/drivers/clock_control/libdrivers__clock_control.a(clock_control_nrf.c.obj)
 .text.clk_init
                0x00000000000021d8       0x58 zephyr/drivers/clock_control/libdrivers__clock_control.a(clock_control_nrf.c.obj)
 .text.api_blocking_start
                0x0000000000002230       0x34 zephyr/drivers/clock_control/libdrivers__clock_control.a(clock_control_nrf.c.obj)
 .text.clkstarted_handle.constprop.0
                0x0000000000002264       0x4c zephyr/drivers/clock_control/libdrivers__clock_control.a(clock_control_nrf.c.obj)
 .text.generic_hfclk_start
                0x00000000000022b0       0x78 zephyr/drivers/clock_control/libdrivers__clock_control.a(clock_control_nrf.c.obj)
 .text.clock_event_handler
                0x0000000000002328       0x1c zephyr/drivers/clock_control/libdrivers__clock_control.a(clock_control_nrf.c.obj)
 .text.z_nrf_clock_control_lf_on
                0x0000000000002344       0xfc zephyr/drivers/clock_control/libdrivers__clock_control.a(clock_control_nrf.c.obj)
                0x0000000000002344                z_nrf_clock_control_lf_on
 .text.uart_console_init
                0x0000000000002440       0x28 zephyr/drivers/console/libdrivers__console.a(uart_console.c.obj)
 .text.console_out
                0x0000000000002468       0x28 zephyr/drivers/console/libdrivers__console.a(uart_console.c.obj)
 .text.gpio_nrfx_pin_interrupt_configure
                0x0000000000002490      0x100 zephyr/drivers/gpio/libdrivers__gpio.a(gpio_nrfx.c.obj)
 .text.gpio_nrfx_init
                0x0000000000002590       0x48 zephyr/drivers/gpio/libdrivers__gpio.a(gpio_nrfx.c.obj)
 .text.nrfx_gpio_handler
                0x00000000000025d8       0x4c zephyr/drivers/gpio/libdrivers__gpio.a(gpio_nrfx.c.obj)
 .text.gpio_nrfx_pin_configure
                0x0000000000002624      0x18c zephyr/drivers/gpio/libdrivers__gpio.a(gpio_nrfx.c.obj)
 .text.led_gpio_init
                0x00000000000027b0       0xec zephyr/drivers/led/libdrivers__led.a(led_gpio.c.obj)
 .text.led_pwm_init
                0x000000000000289c       0x68 zephyr/drivers/led/libdrivers__led.a(led_pwm.c.obj)
 .text.nrf_gpio_pin_port_decode
                0x0000000000002904       0x20 zephyr/drivers/pinctrl/libdrivers__pinctrl.a(pinctrl_nrf.c.obj)
 .text.pinctrl_configure_pins
                0x0000000000002924      0x170 zephyr/drivers/pinctrl/libdrivers__pinctrl.a(pinctrl_nrf.c.obj)
                0x0000000000002924                pinctrl_configure_pins
 .text.nrf_gpio_pin_port_decode
                0x0000000000002a94       0x20 zephyr/drivers/pwm/libdrivers__pwm.a(pwm_nrfx.c.obj)
 .text.pwm_nrfx_set_cycles
                0x0000000000002ab4      0x174 zephyr/drivers/pwm/libdrivers__pwm.a(pwm_nrfx.c.obj)
 .text.pwm_nrfx_init0
                0x0000000000002c28       0xcc zephyr/drivers/pwm/libdrivers__pwm.a(pwm_nrfx.c.obj)
 .text.z_log_msg_runtime_create.constprop.0
                0x0000000000002cf4       0x24 zephyr/drivers/serial/libdrivers__serial.a(uart_nrfx_uarte.c.obj)
 .text.uarte_nrfx_poll_out
                0x0000000000002d18       0xb4 zephyr/drivers/serial/libdrivers__serial.a(uart_nrfx_uarte.c.obj)
 .text.uarte_0_init
                0x0000000000002dcc      0x12c zephyr/drivers/serial/libdrivers__serial.a(uart_nrfx_uarte.c.obj)
 .text.compare_int_lock
                0x0000000000002ef8       0x48 zephyr/drivers/timer/libdrivers__timer.a(nrf_rtc_timer.c.obj)
 .text.sys_clock_timeout_handler
                0x0000000000002f40       0x48 zephyr/drivers/timer/libdrivers__timer.a(nrf_rtc_timer.c.obj)
 .text.compare_int_unlock
                0x0000000000002f88       0x5c zephyr/drivers/timer/libdrivers__timer.a(nrf_rtc_timer.c.obj)
 .text.z_nrf_rtc_timer_read
                0x0000000000002fe4       0x44 zephyr/drivers/timer/libdrivers__timer.a(nrf_rtc_timer.c.obj)
                0x0000000000002fe4                z_nrf_rtc_timer_read
 .text.compare_set
                0x0000000000003028      0x130 zephyr/drivers/timer/libdrivers__timer.a(nrf_rtc_timer.c.obj)
 .text.sys_clock_driver_init
                0x0000000000003158       0x90 zephyr/drivers/timer/libdrivers__timer.a(nrf_rtc_timer.c.obj)
 .text.rtc_nrf_isr
                0x00000000000031e8       0xd4 zephyr/drivers/timer/libdrivers__timer.a(nrf_rtc_timer.c.obj)
                0x00000000000031e8                rtc_nrf_isr
 .text.sys_clock_set_timeout
                0x00000000000032bc       0x5c zephyr/drivers/timer/libdrivers__timer.a(nrf_rtc_timer.c.obj)
                0x00000000000032bc                sys_clock_set_timeout
 .text.sys_clock_elapsed
                0x0000000000003318       0x14 zephyr/drivers/timer/libdrivers__timer.a(nrf_rtc_timer.c.obj)
                0x0000000000003318                sys_clock_elapsed
 .text.nvmc_wait
                0x000000000000332c       0x10 modules/hal_nordic/nrfx/libmodules__hal_nordic__nrfx.a(system_nrf52833.c.obj)
                0x000000000000332c                nvmc_wait
 .text.SystemInit
                0x000000000000333c      0x14c modules/hal_nordic/nrfx/libmodules__hal_nordic__nrfx.a(system_nrf52833.c.obj)
                0x000000000000333c                SystemInit
 .text.nrfx_flag32_alloc
                0x0000000000003488       0x48 modules/hal_nordic/nrfx/libmodules__hal_nordic__nrfx.a(nrfx_flag32_allocator.c.obj)
                0x0000000000003488                nrfx_flag32_alloc
 .text.nrfx_flag32_free
                0x00000000000034d0       0x40 modules/hal_nordic/nrfx/libmodules__hal_nordic__nrfx.a(nrfx_flag32_allocator.c.obj)
                0x00000000000034d0                nrfx_flag32_free
 .text.nrfx_gppi_channels_enable
                0x0000000000003510        0xc modules/hal_nordic/nrfx/libmodules__hal_nordic__nrfx.a(nrfx_gppi_ppi.c.obj)
                0x0000000000003510                nrfx_gppi_channels_enable
 .text.nrfx_clock_init
                0x000000000000351c       0x20 modules/hal_nordic/nrfx/libmodules__hal_nordic__nrfx.a(nrfx_clock.c.obj)
                0x000000000000351c                nrfx_clock_init
 .text.nrfx_clock_enable
                0x000000000000353c       0x24 modules/hal_nordic/nrfx/libmodules__hal_nordic__nrfx.a(nrfx_clock.c.obj)
                0x000000000000353c                nrfx_clock_enable
 .text.nrfx_clock_start
                0x0000000000003560       0xa8 modules/hal_nordic/nrfx/libmodules__hal_nordic__nrfx.a(nrfx_clock.c.obj)
                0x0000000000003560                nrfx_clock_start
 .text.nrfx_power_clock_irq_handler
                0x0000000000003608       0x64 modules/hal_nordic/nrfx/libmodules__hal_nordic__nrfx.a(nrfx_clock.c.obj)
                0x0000000000003608                nrfx_power_clock_irq_handler
 .text.nrf_gpio_pin_port_decode
                0x000000000000366c       0x20 modules/hal_nordic/nrfx/libmodules__hal_nordic__nrfx.a(nrfx_gpiote.c.obj)
 .text.get_pin_idx
                0x000000000000368c       0x14 modules/hal_nordic/nrfx/libmodules__hal_nordic__nrfx.a(nrfx_gpiote.c.obj)
 .text.call_handler.constprop.0
                0x00000000000036a0       0x40 modules/hal_nordic/nrfx/libmodules__hal_nordic__nrfx.a(nrfx_gpiote.c.obj)
 .text.pin_te_get.constprop.0
                0x00000000000036e0       0x18 modules/hal_nordic/nrfx/libmodules__hal_nordic__nrfx.a(nrfx_gpiote.c.obj)
 .text.pin_is_output.constprop.0
                0x00000000000036f8       0x18 modules/hal_nordic/nrfx/libmodules__hal_nordic__nrfx.a(nrfx_gpiote.c.obj)
 .text.pin_in_use_by_te.constprop.0
                0x0000000000003710       0x18 modules/hal_nordic/nrfx/libmodules__hal_nordic__nrfx.a(nrfx_gpiote.c.obj)
 .text.latch_pending_read_and_check
                0x0000000000003728       0x40 modules/hal_nordic/nrfx/libmodules__hal_nordic__nrfx.a(nrfx_gpiote.c.obj)
 .text.release_handler.isra.0
                0x0000000000003768       0x58 modules/hal_nordic/nrfx/libmodules__hal_nordic__nrfx.a(nrfx_gpiote.c.obj)
 .text.__nrfy_internal_gpiote_events_process.constprop.0
                0x00000000000037c0       0x5c modules/hal_nordic/nrfx/libmodules__hal_nordic__nrfx.a(nrfx_gpiote.c.obj)
 .text.pin_uninit
                0x000000000000381c       0x80 modules/hal_nordic/nrfx/libmodules__hal_nordic__nrfx.a(nrfx_gpiote.c.obj)
 .text.nrfx_gpiote_input_configure
                0x000000000000389c      0x174 modules/hal_nordic/nrfx/libmodules__hal_nordic__nrfx.a(nrfx_gpiote.c.obj)
                0x000000000000389c                nrfx_gpiote_input_configure
 .text.nrfx_gpiote_output_configure
                0x0000000000003a10       0xfc modules/hal_nordic/nrfx/libmodules__hal_nordic__nrfx.a(nrfx_gpiote.c.obj)
                0x0000000000003a10                nrfx_gpiote_output_configure
 .text.nrfx_gpiote_global_callback_set
                0x0000000000003b0c        0xc modules/hal_nordic/nrfx/libmodules__hal_nordic__nrfx.a(nrfx_gpiote.c.obj)
                0x0000000000003b0c                nrfx_gpiote_global_callback_set
 .text.nrfx_gpiote_channel_get
                0x0000000000003b18       0x34 modules/hal_nordic/nrfx/libmodules__hal_nordic__nrfx.a(nrfx_gpiote.c.obj)
                0x0000000000003b18                nrfx_gpiote_channel_get
 .text.nrfx_gpiote_init
                0x0000000000003b4c       0x68 modules/hal_nordic/nrfx/libmodules__hal_nordic__nrfx.a(nrfx_gpiote.c.obj)
                0x0000000000003b4c                nrfx_gpiote_init
 .text.nrfx_gpiote_init_check
                0x0000000000003bb4       0x14 modules/hal_nordic/nrfx/libmodules__hal_nordic__nrfx.a(nrfx_gpiote.c.obj)
                0x0000000000003bb4                nrfx_gpiote_init_check
 .text.nrfx_gpiote_channel_free
                0x0000000000003bc8        0xc modules/hal_nordic/nrfx/libmodules__hal_nordic__nrfx.a(nrfx_gpiote.c.obj)
                0x0000000000003bc8                nrfx_gpiote_channel_free
 .text.nrfx_gpiote_channel_alloc
                0x0000000000003bd4        0xc modules/hal_nordic/nrfx/libmodules__hal_nordic__nrfx.a(nrfx_gpiote.c.obj)
                0x0000000000003bd4                nrfx_gpiote_channel_alloc
 .text.nrfx_gpiote_trigger_enable
                0x0000000000003be0       0xb0 modules/hal_nordic/nrfx/libmodules__hal_nordic__nrfx.a(nrfx_gpiote.c.obj)
                0x0000000000003be0                nrfx_gpiote_trigger_enable
 .text.nrfx_gpiote_0_irq_handler
                0x0000000000003c90      0x1bc modules/hal_nordic/nrfx/libmodules__hal_nordic__nrfx.a(nrfx_gpiote.c.obj)
                0x0000000000003c90                nrfx_gpiote_0_irq_handler
 .text.nrfx_ppi_channel_alloc
                0x0000000000003e4c        0xc modules/hal_nordic/nrfx/libmodules__hal_nordic__nrfx.a(nrfx_ppi.c.obj)
                0x0000000000003e4c                nrfx_ppi_channel_alloc
 .text.nrf_gpio_pin_port_decode
                0x0000000000003e58       0x20 modules/hal_nordic/nrfx/libmodules__hal_nordic__nrfx.a(nrfx_pwm.c.obj)
 .text.pwm_stopped_check
                0x0000000000003e78       0x34 modules/hal_nordic/nrfx/libmodules__hal_nordic__nrfx.a(nrfx_pwm.c.obj)
 .text.pwm_configure
                0x0000000000003eac       0xe8 modules/hal_nordic/nrfx/libmodules__hal_nordic__nrfx.a(nrfx_pwm.c.obj)
 .text.nrfx_pwm_init
                0x0000000000003f94       0x4c modules/hal_nordic/nrfx/libmodules__hal_nordic__nrfx.a(nrfx_pwm.c.obj)
                0x0000000000003f94                nrfx_pwm_init
 .text.nrfx_pwm_simple_playback
                0x0000000000003fe0       0x7c modules/hal_nordic/nrfx/libmodules__hal_nordic__nrfx.a(nrfx_pwm.c.obj)
                0x0000000000003fe0                nrfx_pwm_simple_playback
 .text.nrfx_pwm_stop
                0x000000000000405c       0x44 modules/hal_nordic/nrfx/libmodules__hal_nordic__nrfx.a(nrfx_pwm.c.obj)
                0x000000000000405c                nrfx_pwm_stop
 .text.nrfx_pwm_0_irq_handler
                0x00000000000040a0       0x78 modules/hal_nordic/nrfx/libmodules__hal_nordic__nrfx.a(nrfx_pwm.c.obj)
                0x00000000000040a0                nrfx_pwm_0_irq_handler
 .text._DoInit  0x0000000000004118       0x60 modules/segger/libmodules__segger.a(SEGGER_RTT.c.obj)
 .text.SEGGER_RTT_WriteSkipNoLock
                0x0000000000004178       0x88 modules/segger/libmodules__segger.a(SEGGER_RTT.c.obj)
                0x0000000000004178                SEGGER_RTT_WriteSkipNoLock
 .text.SEGGER_RTT_HasDataUp
                0x0000000000004200       0x14 modules/segger/libmodules__segger.a(SEGGER_RTT.c.obj)
                0x0000000000004200                SEGGER_RTT_HasDataUp
 .text.k_sys_fatal_error_handler
                0x0000000000004214       0x2c zephyr/kernel/libkernel.a(fatal.c.obj)
                0x0000000000004214                k_sys_fatal_error_handler
 .text.z_fatal_error
                0x0000000000004240       0xcc zephyr/kernel/libkernel.a(fatal.c.obj)
                0x0000000000004240                z_fatal_error
 .text.z_sys_init_run_level
                0x000000000000430c       0x2c zephyr/kernel/libkernel.a(init.c.obj)
 .text.bg_thread_main
                0x0000000000004338       0xc4 zephyr/kernel/libkernel.a(init.c.obj)
 .text.z_bss_zero
                0x00000000000043fc       0x18 zephyr/kernel/libkernel.a(init.c.obj)
                0x00000000000043fc                z_bss_zero
 .text.z_init_cpu
                0x0000000000004414       0x70 zephyr/kernel/libkernel.a(init.c.obj)
                0x0000000000004414                z_init_cpu
 .text.z_cstart
                0x0000000000004484       0xe0 zephyr/kernel/libkernel.a(init.c.obj)
                0x0000000000004484                z_cstart
 .text.z_impl_k_sem_give
                0x0000000000004564       0x48 zephyr/kernel/libkernel.a(sem.c.obj)
                0x0000000000004564                z_impl_k_sem_give
 .text.z_impl_k_sem_take
                0x00000000000045ac       0x4c zephyr/kernel/libkernel.a(sem.c.obj)
                0x00000000000045ac                z_impl_k_sem_take
 .text.z_setup_new_thread
                0x00000000000045f8       0x98 zephyr/kernel/libkernel.a(thread.c.obj)
                0x00000000000045f8                z_setup_new_thread
 .text.update_cache
                0x0000000000004690       0x3c zephyr/kernel/libkernel.a(sched.c.obj)
 .text.unready_thread
                0x00000000000046cc       0x30 zephyr/kernel/libkernel.a(sched.c.obj)
 .text.ready_thread
                0x00000000000046fc       0x68 zephyr/kernel/libkernel.a(sched.c.obj)
 .text.z_thread_halt
                0x0000000000004764       0xdc zephyr/kernel/libkernel.a(sched.c.obj)
 .text.move_thread_to_end_of_prio_q
                0x0000000000004840       0x74 zephyr/kernel/libkernel.a(sched.c.obj)
                0x0000000000004840                move_thread_to_end_of_prio_q
 .text.z_pend_curr
                0x00000000000048b4       0x58 zephyr/kernel/libkernel.a(sched.c.obj)
                0x00000000000048b4                z_pend_curr
 .text.z_reschedule
                0x000000000000490c       0x24 zephyr/kernel/libkernel.a(sched.c.obj)
                0x000000000000490c                z_reschedule
 .text.z_sched_start
                0x0000000000004930       0x3c zephyr/kernel/libkernel.a(sched.c.obj)
                0x0000000000004930                z_sched_start
 .text.z_reschedule_irqlock
                0x000000000000496c       0x28 zephyr/kernel/libkernel.a(sched.c.obj)
                0x000000000000496c                z_reschedule_irqlock
 .text.k_sched_lock
                0x0000000000004994       0x28 zephyr/kernel/libkernel.a(sched.c.obj)
                0x0000000000004994                k_sched_lock
 .text.k_sched_unlock
                0x00000000000049bc       0x40 zephyr/kernel/libkernel.a(sched.c.obj)
                0x00000000000049bc                k_sched_unlock
 .text.z_sched_init
                0x00000000000049fc       0x10 zephyr/kernel/libkernel.a(sched.c.obj)
                0x00000000000049fc                z_sched_init
 .text.z_impl_k_yield
                0x0000000000004a0c       0x7c zephyr/kernel/libkernel.a(sched.c.obj)
                0x0000000000004a0c                z_impl_k_yield
 .text.z_tick_sleep
                0x0000000000004a88       0x88 zephyr/kernel/libkernel.a(sched.c.obj)
 .text.z_impl_k_sleep
                0x0000000000004b10       0x3c zephyr/kernel/libkernel.a(sched.c.obj)
                0x0000000000004b10                z_impl_k_sleep
 .text.z_impl_k_sched_current_thread_query
                0x0000000000004b4c        0xc zephyr/kernel/libkernel.a(sched.c.obj)
                0x0000000000004b4c                z_impl_k_sched_current_thread_query
 .text.slice_timeout
                0x0000000000004b58       0x20 zephyr/kernel/libkernel.a(timeslicing.c.obj)
 .text.thread_is_sliceable
                0x0000000000004b78       0x3c zephyr/kernel/libkernel.a(timeslicing.c.obj)
                0x0000000000004b78                thread_is_sliceable
 .text.z_reset_time_slice
                0x0000000000004bb4       0x50 zephyr/kernel/libkernel.a(timeslicing.c.obj)
                0x0000000000004bb4                z_reset_time_slice
 .text.z_time_slice
                0x0000000000004c04       0x60 zephyr/kernel/libkernel.a(timeslicing.c.obj)
                0x0000000000004c04                z_time_slice
 .text.z_data_copy
                0x0000000000004c64       0x34 zephyr/kernel/libkernel.a(xip.c.obj)
                0x0000000000004c64                z_data_copy
 .text.elapsed  0x0000000000004c98       0x14 zephyr/kernel/libkernel.a(timeout.c.obj)
 .text.remove_timeout
                0x0000000000004cac       0x38 zephyr/kernel/libkernel.a(timeout.c.obj)
 .text.next_timeout
                0x0000000000004ce4       0x40 zephyr/kernel/libkernel.a(timeout.c.obj)
 .text.z_add_timeout
                0x0000000000004d24       0xf4 zephyr/kernel/libkernel.a(timeout.c.obj)
                0x0000000000004d24                z_add_timeout
 .text.sys_clock_announce
                0x0000000000004e18       0xd0 zephyr/kernel/libkernel.a(timeout.c.obj)
                0x0000000000004e18                sys_clock_announce
 .text.sys_clock_tick_get
                0x0000000000004ee8       0x30 zephyr/kernel/libkernel.a(timeout.c.obj)
                0x0000000000004ee8                sys_clock_tick_get
 .text.__l_vfprintf
                0x0000000000004f18      0x4b8 /opt/nordic/ncs/toolchains/b8efef2ad5/opt/zephyr-sdk/arm-zephyr-eabi/bin/../lib/gcc/../../picolibc/arm-zephyr-eabi/lib/thumb/v7e-m/nofp/libc.a(libc_tinystdio_vflprintf.c.o)
                0x0000000000004f18                __l_vfprintf
 .text._OffsetAbsSyms
                0x00000000000053d0        0x2 zephyr/CMakeFiles/offsets.dir/./arch/arm/core/offsets/offsets.c.obj
                0x00000000000053d0                _OffsetAbsSyms
 .text.z_log_msg_runtime_create.constprop.0
                0x00000000000053d2       0x1e app/libapp.a(main.c.obj)
 .text.chunk_field
                0x00000000000053f0       0x16 zephyr/libzephyr.a(heap.c.obj)
 .text.chunk_set
                0x0000000000005406       0x16 zephyr/libzephyr.a(heap.c.obj)
 .text.chunk_size
                0x000000000000541c        0xc zephyr/libzephyr.a(heap.c.obj)
 .text.set_chunk_used
                0x0000000000005428       0x30 zephyr/libzephyr.a(heap.c.obj)
 .text.set_chunk_size
                0x0000000000005458        0x8 zephyr/libzephyr.a(heap.c.obj)
 .text.bucket_idx.isra.0
                0x0000000000005460       0x1c zephyr/libzephyr.a(heap.c.obj)
 .text.free_list_add
                0x000000000000547c       0x84 zephyr/libzephyr.a(heap.c.obj)
 .text.sys_heap_init
                0x0000000000005500       0xb0 zephyr/libzephyr.a(heap.c.obj)
                0x0000000000005500                sys_heap_init
 .text.cbpprintf_external
                0x00000000000055b0       0x62 zephyr/libzephyr.a(cbprintf_packaged.c.obj)
                0x00000000000055b0                cbpprintf_external
 .text.arch_printk_char_out
                0x0000000000005612        0x4 zephyr/libzephyr.a(printk.c.obj)
                0x0000000000005612                arch_printk_char_out
 .text.printk   0x0000000000005616       0x1a zephyr/libzephyr.a(printk.c.obj)
                0x0000000000005616                printk
 .text.process_recheck
                0x0000000000005630       0x38 zephyr/libzephyr.a(onoff.c.obj)
 .text.validate_args
                0x0000000000005668       0x20 zephyr/libzephyr.a(onoff.c.obj)
 .text.notify_one
                0x0000000000005688       0x2c zephyr/libzephyr.a(onoff.c.obj)
 .text.transition_complete
                0x00000000000056b4       0x1a zephyr/libzephyr.a(onoff.c.obj)
 .text.onoff_manager_init
                0x00000000000056ce       0x26 zephyr/libzephyr.a(onoff.c.obj)
                0x00000000000056ce                onoff_manager_init
 .text.onoff_request
                0x00000000000056f4       0xae zephyr/libzephyr.a(onoff.c.obj)
                0x00000000000056f4                onoff_request
 .text.sys_notify_validate
                0x00000000000057a2       0x22 zephyr/libzephyr.a(notify.c.obj)
                0x00000000000057a2                sys_notify_validate
 .text.sys_notify_finalize
                0x00000000000057c4       0x1a zephyr/libzephyr.a(notify.c.obj)
                0x00000000000057c4                sys_notify_finalize
 .text._ConfigAbsSyms
                0x00000000000057de        0x2 zephyr/libzephyr.a(configs.c.obj)
                0x00000000000057de                _ConfigAbsSyms
 .text.dummy_timestamp
                0x00000000000057e0        0x4 zephyr/libzephyr.a(log_core.c.obj)
 .text.default_get_timestamp
                0x00000000000057e4        0x4 zephyr/libzephyr.a(log_core.c.obj)
 .text.atomic_inc
                0x00000000000057e8       0x1a zephyr/libzephyr.a(log_core.c.obj)
 .text.enable_logger
                0x0000000000005802        0xe zephyr/libzephyr.a(log_core.c.obj)
 .text.z_log_vprintk
                0x0000000000005810       0x1c zephyr/libzephyr.a(log_core.c.obj)
                0x0000000000005810                z_log_vprintk
 .text.z_log_notify_backend_enabled
                0x000000000000582c        0x2 zephyr/libzephyr.a(log_core.c.obj)
                0x000000000000582c                z_log_notify_backend_enabled
 .text.z_log_get_tag
                0x000000000000582e        0x4 zephyr/libzephyr.a(log_core.c.obj)
                0x000000000000582e                z_log_get_tag
 .text.z_log_msg_finalize
                0x0000000000005832       0x32 zephyr/libzephyr.a(log_msg.c.obj)
                0x0000000000005832                z_log_msg_finalize
 .text.z_log_msg_runtime_create.constprop.0
                0x0000000000005864       0x20 zephyr/libzephyr.a(log_msg.c.obj)
 .text.log_output_write
                0x0000000000005884       0x1c zephyr/libzephyr.a(log_output.c.obj)
 .text.out_func
                0x00000000000058a0       0x1c zephyr/libzephyr.a(log_output.c.obj)
 .text.cr_out_func
                0x00000000000058bc       0x1c zephyr/libzephyr.a(log_output.c.obj)
 .text.log_output_msg_process
                0x00000000000058d8       0x6a zephyr/libzephyr.a(log_output.c.obj)
                0x00000000000058d8                log_output_msg_process
 .text.format_set
                0x0000000000005942        0xc zephyr/libzephyr.a(log_backend_uart.c.obj)
 .text.log_backend_uart_init
                0x000000000000594e        0xc zephyr/libzephyr.a(log_backend_uart.c.obj)
 .text.panic    0x000000000000595a       0x32 zephyr/libzephyr.a(log_backend_uart.c.obj)
 .text.process  0x000000000000598c       0x1e zephyr/libzephyr.a(log_backend_uart.c.obj)
 .text.z_log_msg_runtime_create.constprop.0
                0x00000000000059aa       0x20 zephyr/arch/arch/arm/core/libarch__arm__core.a(fatal.c.obj)
 .text.z_do_kernel_oops
                0x00000000000059ca        0x8 zephyr/arch/arch/arm/core/libarch__arm__core.a(fatal.c.obj)
                0x00000000000059ca                z_do_kernel_oops
 .text.z_arm_nmi
                0x00000000000059d2        0xe zephyr/arch/arch/arm/core/libarch__arm__core.a(nmi.c.obj)
                0x00000000000059d2                z_arm_nmi
 .text.z_log_msg_runtime_create.constprop.0
                0x00000000000059e0       0x20 zephyr/arch/arch/arm/core/cortex_m/libarch__arm__core__cortex_m.a(fault.c.obj)
 .text.z_irq_spurious
                0x0000000000005a00        0x8 zephyr/arch/arch/arm/core/cortex_m/libarch__arm__core__cortex_m.a(irq_manage.c.obj)
                0x0000000000005a00                z_irq_spurious
 .text.arch_irq_unlock_outlined
                0x0000000000005a08        0xe zephyr/arch/arch/arm/core/cortex_m/libarch__arm__core__cortex_m.a(thread.c.obj)
                0x0000000000005a08                arch_irq_unlock_outlined
 .text.arch_cpu_idle
                0x0000000000005a16       0x1a zephyr/arch/arch/arm/core/cortex_m/libarch__arm__core__cortex_m.a(cpu_idle.c.obj)
                0x0000000000005a16                arch_cpu_idle
 .text.arch_cpu_atomic_idle
                0x0000000000005a30       0x1e zephyr/arch/arch/arm/core/cortex_m/libarch__arm__core__cortex_m.a(cpu_idle.c.obj)
                0x0000000000005a30                arch_cpu_atomic_idle
 .text.size_to_mpu_rasr_size
                0x0000000000005a4e       0x20 zephyr/arch/arch/arm/core/mpu/libarch__arm__core__mpu.a(arm_mpu.c.obj)
 .text.z_log_msg_runtime_create.constprop.0
                0x0000000000005a6e       0x20 zephyr/arch/arch/arm/core/mpu/libarch__arm__core__mpu.a(arm_mpu.c.obj)
 .text.cbputc   0x0000000000005a8e        0xc zephyr/lib/libc/picolibc/liblib__libc__picolibc.a(libc-hooks.c.obj)
 .text.picolibc_put
                0x0000000000005a9a        0xa zephyr/lib/libc/picolibc/liblib__libc__picolibc.a(libc-hooks.c.obj)
 .text.get_status
                0x0000000000005aa4       0x12 zephyr/drivers/clock_control/libdrivers__clock_control.a(clock_control_nrf.c.obj)
 .text.stop     0x0000000000005ab6       0x50 zephyr/drivers/clock_control/libdrivers__clock_control.a(clock_control_nrf.c.obj)
 .text.api_stop
                0x0000000000005b06        0x6 zephyr/drivers/clock_control/libdrivers__clock_control.a(clock_control_nrf.c.obj)
 .text.async_start
                0x0000000000005b0c       0x5a zephyr/drivers/clock_control/libdrivers__clock_control.a(clock_control_nrf.c.obj)
 .text.api_start
                0x0000000000005b66        0xe zephyr/drivers/clock_control/libdrivers__clock_control.a(clock_control_nrf.c.obj)
 .text.onoff_started_callback
                0x0000000000005b74       0x12 zephyr/drivers/clock_control/libdrivers__clock_control.a(clock_control_nrf.c.obj)
 .text.lfclk_start
                0x0000000000005b86        0x6 zephyr/drivers/clock_control/libdrivers__clock_control.a(clock_control_nrf.c.obj)
 .text.lfclk_stop
                0x0000000000005b8c        0x6 zephyr/drivers/clock_control/libdrivers__clock_control.a(clock_control_nrf.c.obj)
 .text.blocking_start_callback
                0x0000000000005b92        0x6 zephyr/drivers/clock_control/libdrivers__clock_control.a(clock_control_nrf.c.obj)
 .text.gpio_nrfx_port_get_raw
                0x0000000000005b98        0xe zephyr/drivers/gpio/libdrivers__gpio.a(gpio_nrfx.c.obj)
 .text.gpio_nrfx_port_set_masked_raw
                0x0000000000005ba6       0x18 zephyr/drivers/gpio/libdrivers__gpio.a(gpio_nrfx.c.obj)
 .text.gpio_nrfx_port_set_bits_raw
                0x0000000000005bbe        0xc zephyr/drivers/gpio/libdrivers__gpio.a(gpio_nrfx.c.obj)
 .text.gpio_nrfx_port_clear_bits_raw
                0x0000000000005bca        0xc zephyr/drivers/gpio/libdrivers__gpio.a(gpio_nrfx.c.obj)
 .text.gpio_nrfx_port_toggle_bits
                0x0000000000005bd6       0x1a zephyr/drivers/gpio/libdrivers__gpio.a(gpio_nrfx.c.obj)
 .text.gpio_nrfx_manage_callback
                0x0000000000005bf0       0x52 zephyr/drivers/gpio/libdrivers__gpio.a(gpio_nrfx.c.obj)
 .text.led_gpio_set_brightness
                0x0000000000005c42       0x42 zephyr/drivers/led/libdrivers__led.a(led_gpio.c.obj)
 .text.led_gpio_on
                0x0000000000005c84        0x6 zephyr/drivers/led/libdrivers__led.a(led_gpio.c.obj)
 .text.led_gpio_off
                0x0000000000005c8a        0x6 zephyr/drivers/led/libdrivers__led.a(led_gpio.c.obj)
 .text.z_log_msg_runtime_create.constprop.0
                0x0000000000005c90       0x20 zephyr/drivers/led/libdrivers__led.a(led_gpio.c.obj)
 .text.led_pwm_blink
                0x0000000000005cb0       0x44 zephyr/drivers/led/libdrivers__led.a(led_pwm.c.obj)
 .text.led_pwm_set_brightness
                0x0000000000005cf4       0x48 zephyr/drivers/led/libdrivers__led.a(led_pwm.c.obj)
 .text.led_pwm_on
                0x0000000000005d3c        0x6 zephyr/drivers/led/libdrivers__led.a(led_pwm.c.obj)
 .text.led_pwm_off
                0x0000000000005d42        0x6 zephyr/drivers/led/libdrivers__led.a(led_pwm.c.obj)
 .text.z_log_msg_runtime_create.constprop.0
                0x0000000000005d48       0x20 zephyr/drivers/led/libdrivers__led.a(led_pwm.c.obj)
 .text.pinctrl_lookup_state
                0x0000000000005d68       0x26 zephyr/drivers/pinctrl/libdrivers__pinctrl.a(common.c.obj)
                0x0000000000005d68                pinctrl_lookup_state
 .text.pwm_handler
                0x0000000000005d8e        0x2 zephyr/drivers/pwm/libdrivers__pwm.a(pwm_nrfx.c.obj)
 .text.pwm_nrfx_get_cycles_per_sec
                0x0000000000005d90        0xc zephyr/drivers/pwm/libdrivers__pwm.a(pwm_nrfx.c.obj)
 .text.z_log_msg_runtime_create.constprop.0
                0x0000000000005d9c       0x20 zephyr/drivers/pwm/libdrivers__pwm.a(pwm_nrfx.c.obj)
 .text.uarte_nrfx_err_check
                0x0000000000005dbc        0xe zephyr/drivers/serial/libdrivers__serial.a(uart_nrfx_uarte.c.obj)
 .text.uarte_nrfx_poll_in
                0x0000000000005dca       0x26 zephyr/drivers/serial/libdrivers__serial.a(uart_nrfx_uarte.c.obj)
 .text.is_tx_ready.isra.0
                0x0000000000005df0       0x20 zephyr/drivers/serial/libdrivers__serial.a(uart_nrfx_uarte.c.obj)
 .text.uarte_nrfx_isr_int
                0x0000000000005e10       0x42 zephyr/drivers/serial/libdrivers__serial.a(uart_nrfx_uarte.c.obj)
 .text.event_clear
                0x0000000000005e52       0x18 zephyr/drivers/timer/libdrivers__timer.a(nrf_rtc_timer.c.obj)
 .text.sys_clock_cycle_get_32
                0x0000000000005e6a        0x8 zephyr/drivers/timer/libdrivers__timer.a(nrf_rtc_timer.c.obj)
                0x0000000000005e6a                sys_clock_cycle_get_32
 .text.nrfx_isr
                0x0000000000005e72        0x2 modules/hal_nordic/nrfx/libmodules__hal_nordic__nrfx.a(nrfx_glue.c.obj)
                0x0000000000005e72                nrfx_isr
 .text.nrfx_busy_wait
                0x0000000000005e74        0x4 modules/hal_nordic/nrfx/libmodules__hal_nordic__nrfx.a(nrfx_glue.c.obj)
                0x0000000000005e74                nrfx_busy_wait
 .text.nrfx_gppi_channel_endpoints_setup
                0x0000000000005e78       0x14 modules/hal_nordic/nrfx/libmodules__hal_nordic__nrfx.a(nrfx_gppi_ppi.c.obj)
                0x0000000000005e78                nrfx_gppi_channel_endpoints_setup
 .text.nrfx_gppi_channel_alloc
                0x0000000000005e8c        0x4 modules/hal_nordic/nrfx/libmodules__hal_nordic__nrfx.a(nrfx_gppi_ppi.c.obj)
                0x0000000000005e8c                nrfx_gppi_channel_alloc
 .text.clock_stop
                0x0000000000005e90       0xb4 modules/hal_nordic/nrfx/libmodules__hal_nordic__nrfx.a(nrfx_clock.c.obj)
 .text.nrfx_clock_stop
                0x0000000000005f44        0x4 modules/hal_nordic/nrfx/libmodules__hal_nordic__nrfx.a(nrfx_clock.c.obj)
                0x0000000000005f44                nrfx_clock_stop
 .text.nrf_gpio_reconfigure
                0x0000000000005f48       0x92 modules/hal_nordic/nrfx/libmodules__hal_nordic__nrfx.a(nrfx_gpiote.c.obj)
 .text.nrf_gpio_cfg_sense_set
                0x0000000000005fda       0x1e modules/hal_nordic/nrfx/libmodules__hal_nordic__nrfx.a(nrfx_gpiote.c.obj)
 .text.pin_trigger_disable
                0x0000000000005ff8       0x48 modules/hal_nordic/nrfx/libmodules__hal_nordic__nrfx.a(nrfx_gpiote.c.obj)
 .text.nrfx_gpiote_pin_uninit
                0x0000000000006040        0x4 modules/hal_nordic/nrfx/libmodules__hal_nordic__nrfx.a(nrfx_gpiote.c.obj)
                0x0000000000006040                nrfx_gpiote_pin_uninit
 .text.nrfx_gpiote_trigger_disable
                0x0000000000006044        0x4 modules/hal_nordic/nrfx/libmodules__hal_nordic__nrfx.a(nrfx_gpiote.c.obj)
                0x0000000000006044                nrfx_gpiote_trigger_disable
 .text.start_playback
                0x0000000000006048       0x48 modules/hal_nordic/nrfx/libmodules__hal_nordic__nrfx.a(nrfx_pwm.c.obj)
 .text.__nrfy_internal_pwm_event_handle.isra.0
                0x0000000000006090       0x22 modules/hal_nordic/nrfx/libmodules__hal_nordic__nrfx.a(nrfx_pwm.c.obj)
 .text.__nrfy_internal_pwm_events_process
                0x00000000000060b2       0x54 modules/hal_nordic/nrfx/libmodules__hal_nordic__nrfx.a(nrfx_pwm.c.obj)
 .text.nrfx_pwm_stopped_check
                0x0000000000006106        0x4 modules/hal_nordic/nrfx/libmodules__hal_nordic__nrfx.a(nrfx_pwm.c.obj)
                0x0000000000006106                nrfx_pwm_stopped_check
 .text.SEGGER_RTT_Init
                0x000000000000610a        0x4 modules/segger/libmodules__segger.a(SEGGER_RTT.c.obj)
                0x000000000000610a                SEGGER_RTT_Init
 .text.rtt_init
                0x000000000000610e        0xa modules/segger/libmodules__segger.a(SEGGER_RTT_zephyr.c.obj)
 .text.z_impl_k_busy_wait
                0x0000000000006118        0x8 zephyr/kernel/libkernel.a(busy_wait.c.obj)
                0x0000000000006118                z_impl_k_busy_wait
 .text.z_device_state_init
                0x0000000000006120        0x2 zephyr/kernel/libkernel.a(device.c.obj)
                0x0000000000006120                z_device_state_init
 .text.z_impl_device_is_ready
                0x0000000000006122       0x16 zephyr/kernel/libkernel.a(device.c.obj)
                0x0000000000006122                z_impl_device_is_ready
 .text.z_log_msg_runtime_create.constprop.0
                0x0000000000006138       0x20 zephyr/kernel/libkernel.a(fatal.c.obj)
 .text.arch_system_halt
                0x0000000000006158       0x10 zephyr/kernel/libkernel.a(fatal.c.obj)
                0x0000000000006158                arch_system_halt
 .text.do_device_init
                0x0000000000006168       0x30 zephyr/kernel/libkernel.a(init.c.obj)
 .text.z_early_memset
                0x0000000000006198        0x4 zephyr/kernel/libkernel.a(init.c.obj)
                0x0000000000006198                z_early_memset
 .text.z_early_memcpy
                0x000000000000619c        0x4 zephyr/kernel/libkernel.a(init.c.obj)
                0x000000000000619c                z_early_memcpy
 .text.z_init_static
                0x00000000000061a0        0x2 zephyr/kernel/libkernel.a(init_static.c.obj)
                0x00000000000061a0                z_init_static
 .text.idle     0x00000000000061a2       0x16 zephyr/kernel/libkernel.a(idle.c.obj)
                0x00000000000061a2                idle
 .text.k_is_in_isr
                0x00000000000061b8        0xc zephyr/kernel/libkernel.a(thread.c.obj)
                0x00000000000061b8                k_is_in_isr
 .text.k_thread_name_get
                0x00000000000061c4        0x4 zephyr/kernel/libkernel.a(thread.c.obj)
                0x00000000000061c4                k_thread_name_get
 .text.z_impl_k_thread_start
                0x00000000000061c8        0x4 zephyr/kernel/libkernel.a(thread.c.obj)
                0x00000000000061c8                z_impl_k_thread_start
 .text.sys_dlist_remove
                0x00000000000061cc       0x10 zephyr/kernel/libkernel.a(sched.c.obj)
 .text.unpend_thread_no_timeout
                0x00000000000061dc       0x14 zephyr/kernel/libkernel.a(sched.c.obj)
 .text.add_to_waitq_locked
                0x00000000000061f0       0x50 zephyr/kernel/libkernel.a(sched.c.obj)
 .text.z_ready_thread
                0x0000000000006240       0x1e zephyr/kernel/libkernel.a(sched.c.obj)
                0x0000000000006240                z_ready_thread
 .text.z_impl_k_thread_suspend
                0x000000000000625e       0x34 zephyr/kernel/libkernel.a(sched.c.obj)
                0x000000000000625e                z_impl_k_thread_suspend
 .text.z_sched_wake_thread
                0x0000000000006292       0x42 zephyr/kernel/libkernel.a(sched.c.obj)
                0x0000000000006292                z_sched_wake_thread
 .text.z_thread_timeout
                0x00000000000062d4        0x8 zephyr/kernel/libkernel.a(sched.c.obj)
                0x00000000000062d4                z_thread_timeout
 .text.z_unpend_first_thread
                0x00000000000062dc       0x36 zephyr/kernel/libkernel.a(sched.c.obj)
                0x00000000000062dc                z_unpend_first_thread
 .text.z_thread_abort
                0x0000000000006312       0x44 zephyr/kernel/libkernel.a(sched.c.obj)
                0x0000000000006312                z_thread_abort
 .text.z_abort_timeout
                0x0000000000006356       0x2a zephyr/kernel/libkernel.a(timeout.c.obj)
                0x0000000000006356                z_abort_timeout
 .text.sys_clock_tick_get_32
                0x0000000000006380        0x8 zephyr/kernel/libkernel.a(timeout.c.obj)
                0x0000000000006380                sys_clock_tick_get_32
 .text.memcpy   0x0000000000006388       0x1c /opt/nordic/ncs/toolchains/b8efef2ad5/opt/zephyr-sdk/arm-zephyr-eabi/bin/../lib/gcc/../../picolibc/arm-zephyr-eabi/lib/thumb/v7e-m/nofp/libc.a(memcpy.c.o)
                0x0000000000006388                memcpy
                0x0000000000006388                __aeabi_memcpy
                0x0000000000006388                __aeabi_memcpy4
                0x0000000000006388                __aeabi_memcpy8
 .text.memset   0x00000000000063a4       0x10 /opt/nordic/ncs/toolchains/b8efef2ad5/opt/zephyr-sdk/arm-zephyr-eabi/bin/../lib/gcc/../../picolibc/arm-zephyr-eabi/lib/thumb/v7e-m/nofp/libc.a(memset.c.o)
                0x00000000000063a4                memset
 .text.strnlen  0x00000000000063b4       0x18 /opt/nordic/ncs/toolchains/b8efef2ad5/opt/zephyr-sdk/arm-zephyr-eabi/bin/../lib/gcc/../../picolibc/arm-zephyr-eabi/lib/thumb/v7e-m/nofp/libc.a(libc_string_strnlen.c.o)
                0x00000000000063b4                strnlen
 .text.__ultoa_invert
                0x00000000000063cc       0xae /opt/nordic/ncs/toolchains/b8efef2ad5/opt/zephyr-sdk/arm-zephyr-eabi/bin/../lib/gcc/../../picolibc/arm-zephyr-eabi/lib/thumb/v7e-m/nofp/libc.a(libc_tinystdio_vflprintf.c.o)
 *(SORT_BY_ALIGNMENT(.TEXT.*))
 *fill*         0x000000000000647a        0x2 
 .TEXT.__aeabi_read_tp
                0x000000000000647c        0xc zephyr/arch/arch/arm/core/cortex_m/libarch__arm__core__cortex_m.a(__aeabi_read_tp.S.obj)
                0x000000000000647c                __aeabi_read_tp
 *(SORT_BY_ALIGNMENT(.gnu.linkonce.t.*))
 *(SORT_BY_ALIGNMENT(.glue_7t))
 .glue_7t       0x0000000000006488        0x0 linker stubs
 *(SORT_BY_ALIGNMENT(.glue_7))
 .glue_7        0x0000000000006488        0x0 linker stubs
 *(SORT_BY_ALIGNMENT(.vfp11_veneer))
 .vfp11_veneer  0x0000000000006488        0x0 linker stubs
 *(SORT_BY_ALIGNMENT(.v4_bx))
 .v4_bx         0x0000000000006488        0x0 linker stubs
                0x0000000000006488                . = ALIGN (0x4)
                0x0000000000006488                __text_region_end = .

.ARM.exidx      0x0000000000006488        0x8
                0x0000000000006488                __exidx_start = .
 *(SORT_BY_ALIGNMENT(.ARM.exidx*) SORT_BY_ALIGNMENT(gnu.linkonce.armexidx.*))
 .ARM.exidx     0x0000000000006488        0x8 /opt/nordic/ncs/toolchains/b8efef2ad5/opt/zephyr-sdk/arm-zephyr-eabi/bin/../lib/gcc/../../picolibc/arm-zephyr-eabi/lib/thumb/v7e-m/nofp/libc.a(strlen.S.o)
 .ARM.exidx     0x0000000000006490        0x0 /opt/nordic/ncs/toolchains/b8efef2ad5/opt/zephyr-sdk/arm-zephyr-eabi/bin/../lib/gcc/arm-zephyr-eabi/12.2.0/thumb/v7e-m/nofp/libgcc.a(_udivmoddi4.o)
                                          0x8 (size before relaxing)
                0x0000000000006490                __exidx_end = .
                0x0000000000006490                __rodata_region_start = .

initlevel       0x0000000000006490       0x68
                0x0000000000006490                __init_start = .
                0x0000000000006490                __init_EARLY_start = .
 *(SORT_BY_NAME(SORT_BY_ALIGNMENT(.z_init_EARLY?_*)))
 *(SORT_BY_NAME(SORT_BY_ALIGNMENT(.z_init_EARLY??_*)))
                0x0000000000006490                __init_PRE_KERNEL_1_start = .
 *(SORT_BY_NAME(SORT_BY_ALIGNMENT(.z_init_PRE_KERNEL_1?_*)))
 .z_init_PRE_KERNEL_10_0_
                0x0000000000006490        0x8 zephyr/soc/soc/nrf52833/libsoc__nordic.a(soc.c.obj)
 *(SORT_BY_NAME(SORT_BY_ALIGNMENT(.z_init_PRE_KERNEL_1??_*)))
 .z_init_PRE_KERNEL_130_00065_
                0x0000000000006498        0x8 zephyr/drivers/clock_control/libdrivers__clock_control.a(clock_control_nrf.c.obj)
 .z_init_PRE_KERNEL_130_0_
                0x00000000000064a0        0x8 modules/segger/libmodules__segger.a(SEGGER_RTT_zephyr.c.obj)
 .z_init_PRE_KERNEL_140_00010_
                0x00000000000064a8        0x8 zephyr/drivers/gpio/libdrivers__gpio.a(gpio_nrfx.c.obj)
 .z_init_PRE_KERNEL_140_00075_
                0x00000000000064b0        0x8 zephyr/drivers/gpio/libdrivers__gpio.a(gpio_nrfx.c.obj)
 .z_init_PRE_KERNEL_150_00102_
                0x00000000000064b8        0x8 zephyr/drivers/serial/libdrivers__serial.a(uart_nrfx_uarte.c.obj)
 .z_init_PRE_KERNEL_160_0_
                0x00000000000064c0        0x8 zephyr/drivers/console/libdrivers__console.a(uart_console.c.obj)
                0x00000000000064c8                __init_PRE_KERNEL_2_start = .
 *(SORT_BY_NAME(SORT_BY_ALIGNMENT(.z_init_PRE_KERNEL_2?_*)))
 .z_init_PRE_KERNEL_20_0_
                0x00000000000064c8        0x8 zephyr/drivers/timer/libdrivers__timer.a(nrf_rtc_timer.c.obj)
 *(SORT_BY_NAME(SORT_BY_ALIGNMENT(.z_init_PRE_KERNEL_2??_*)))
                0x00000000000064d0                __init_POST_KERNEL_start = .
 *(SORT_BY_NAME(SORT_BY_ALIGNMENT(.z_init_POST_KERNEL?_*)))
 .z_init_POST_KERNEL0_0_
                0x00000000000064d0        0x8 zephyr/libzephyr.a(log_core.c.obj)
 *(SORT_BY_NAME(SORT_BY_ALIGNMENT(.z_init_POST_KERNEL??_*)))
 .z_init_POST_KERNEL35_0_
                0x00000000000064d8        0x8 zephyr/lib/libc/common/liblib__libc__common.a(malloc.c.obj)
 .z_init_POST_KERNEL50_00059_
                0x00000000000064e0        0x8 zephyr/drivers/pwm/libdrivers__pwm.a(pwm_nrfx.c.obj)
 .z_init_POST_KERNEL90_00019_
                0x00000000000064e8        0x8 zephyr/drivers/led/libdrivers__led.a(led_gpio.c.obj)
 .z_init_POST_KERNEL90_00060_
                0x00000000000064f0        0x8 zephyr/drivers/led/libdrivers__led.a(led_pwm.c.obj)
                0x00000000000064f8                __init_APPLICATION_start = .
 *(SORT_BY_NAME(SORT_BY_ALIGNMENT(.z_init_APPLICATION?_*)))
 *(SORT_BY_NAME(SORT_BY_ALIGNMENT(.z_init_APPLICATION??_*)))
                0x00000000000064f8                __init_SMP_start = .
 *(SORT_BY_NAME(SORT_BY_ALIGNMENT(.z_init_SMP?_*)))
 *(SORT_BY_NAME(SORT_BY_ALIGNMENT(.z_init_SMP??_*)))
                0x00000000000064f8                __init_end = .
                0x00000000000064f8                __deferred_init_list_start = .
 *(SORT_BY_ALIGNMENT(.z_deferred_init*))
                0x00000000000064f8                __deferred_init_list_end = .

device_area     0x00000000000064f8       0x8c
                0x00000000000064f8                _device_list_start = .
 *(SORT_BY_NAME(SORT_BY_ALIGNMENT(._device.static.*_?_*)))
 *(SORT_BY_NAME(SORT_BY_ALIGNMENT(._device.static.*_??_*)))
 ._device.static.1_30_
                0x00000000000064f8       0x14 zephyr/drivers/clock_control/libdrivers__clock_control.a(clock_control_nrf.c.obj)
                0x00000000000064f8                __device_dts_ord_65
 ._device.static.1_40_
                0x000000000000650c       0x28 zephyr/drivers/gpio/libdrivers__gpio.a(gpio_nrfx.c.obj)
                0x000000000000650c                __device_dts_ord_75
                0x0000000000006520                __device_dts_ord_10
 ._device.static.1_50_
                0x0000000000006534       0x14 zephyr/drivers/serial/libdrivers__serial.a(uart_nrfx_uarte.c.obj)
                0x0000000000006534                __device_dts_ord_102
 ._device.static.3_50_
                0x0000000000006548       0x14 zephyr/drivers/pwm/libdrivers__pwm.a(pwm_nrfx.c.obj)
                0x0000000000006548                __device_dts_ord_59
 ._device.static.3_90_
                0x000000000000655c       0x14 zephyr/drivers/led/libdrivers__led.a(led_gpio.c.obj)
                0x000000000000655c                __device_dts_ord_19
 ._device.static.3_90_
                0x0000000000006570       0x14 zephyr/drivers/led/libdrivers__led.a(led_pwm.c.obj)
                0x0000000000006570                __device_dts_ord_60
                0x0000000000006584                _device_list_end = .

sw_isr_table    0x0000000000006584      0x180
                0x0000000000006584                . = ALIGN (0x4)
 *(SORT_BY_ALIGNMENT(.gnu.linkonce.sw_isr_table*))
 .gnu.linkonce.sw_isr_table
                0x0000000000006584      0x180 zephyr/arch/common/libisr_tables.a(isr_tables.c.obj)
                0x0000000000006584                _sw_isr_table

initlevel_error
                0x0000000000006490        0x0
 *(SORT_BY_NAME(SORT_BY_ALIGNMENT(.z_init_[_A-Z0-9]*)))
                0x0000000000000001                ASSERT ((SIZEOF (initlevel_error) == 0x0), Undefined initialization levels used.)

app_shmem_regions
                0x0000000000006704        0x0
                0x0000000000006704                __app_shmem_regions_start = .
 *(SORT_BY_NAME(SORT_BY_ALIGNMENT(.app_regions.*)))
                0x0000000000006704                __app_shmem_regions_end = .

k_p4wq_initparam_area
                0x0000000000006704        0x0
                0x0000000000006704                _k_p4wq_initparam_list_start = .
 *(SORT_BY_NAME(SORT_BY_ALIGNMENT(._k_p4wq_initparam.static.*)))
                0x0000000000006704                _k_p4wq_initparam_list_end = .

_static_thread_data_area
                0x0000000000006704        0x0
                0x0000000000006704                __static_thread_data_list_start = .
 *(SORT_BY_NAME(SORT_BY_ALIGNMENT(.__static_thread_data.static.*)))
                0x0000000000006704                __static_thread_data_list_end = .

device_deps     0x0000000000006704        0x0
                0x0000000000006704                __device_deps_start = .
 *(SORT_BY_NAME(SORT_BY_ALIGNMENT(.__device_deps_pass2*)))
                0x0000000000006704                __device_deps_end = .

ztest           0x0000000000006704        0x0
                0x0000000000006704                _ztest_expected_result_entry_list_start = .
 *(SORT_BY_NAME(SORT_BY_ALIGNMENT(._ztest_expected_result_entry.static.*)))
                0x0000000000006704                _ztest_expected_result_entry_list_end = .
                0x0000000000006704                _ztest_suite_node_list_start = .
 *(SORT_BY_NAME(SORT_BY_ALIGNMENT(._ztest_suite_node.static.*)))
                0x0000000000006704                _ztest_suite_node_list_end = .
                0x0000000000006704                _ztest_unit_test_list_start = .
 *(SORT_BY_NAME(SORT_BY_ALIGNMENT(._ztest_unit_test.static.*)))
                0x0000000000006704                _ztest_unit_test_list_end = .
                0x0000000000006704                _ztest_test_rule_list_start = .
 *(SORT_BY_NAME(SORT_BY_ALIGNMENT(._ztest_test_rule.static.*)))
                0x0000000000006704                _ztest_test_rule_list_end = .

init_array      0x0000000000006704        0x0
 *(SORT_BY_NAME(SORT_BY_ALIGNMENT(.ctors*)))
 *(SORT_BY_NAME(SORT_BY_ALIGNMENT(.init_array*)))
                0x0000000000000001                ASSERT ((SIZEOF (init_array) == 0x0), GNU-style constructors required but STATIC_INIT_GNU not enabled)

bt_l2cap_fixed_chan_area
                0x0000000000006704        0x0
                0x0000000000006704                _bt_l2cap_fixed_chan_list_start = .
 *(SORT_BY_NAME(SORT_BY_ALIGNMENT(._bt_l2cap_fixed_chan.static.*)))
                0x0000000000006704                _bt_l2cap_fixed_chan_list_end = .

bt_gatt_service_static_area
                0x0000000000006704        0x0
                0x0000000000006704                _bt_gatt_service_static_list_start = .
 *(SORT_BY_NAME(SORT_BY_ALIGNMENT(._bt_gatt_service_static.static.*)))
                0x0000000000006704                _bt_gatt_service_static_list_end = .

log_strings_area
                0x0000000000006704        0x0
                0x0000000000006704                _log_strings_list_start = .
 *(SORT_BY_NAME(SORT_BY_ALIGNMENT(._log_strings.static.*)))
                0x0000000000006704                _log_strings_list_end = .

log_const_area  0x0000000000006704       0x68
                0x0000000000006704                _log_const_list_start = .
 *(SORT_BY_NAME(SORT_BY_ALIGNMENT(._log_const.static.*)))
 ._log_const.static.log_const_cbprintf_package_
                0x0000000000006704        0x8 zephyr/libzephyr.a(cbprintf_packaged.c.obj)
                0x0000000000006704                log_const_cbprintf_package
 ._log_const.static.log_const_clock_control_
                0x000000000000670c        0x8 zephyr/drivers/clock_control/libdrivers__clock_control.a(clock_control_nrf.c.obj)
                0x000000000000670c                log_const_clock_control
 ._log_const.static.log_const_led_gpio_
                0x0000000000006714        0x8 zephyr/drivers/led/libdrivers__led.a(led_gpio.c.obj)
                0x0000000000006714                log_const_led_gpio
 ._log_const.static.log_const_led_pwm_
                0x000000000000671c        0x8 zephyr/drivers/led/libdrivers__led.a(led_pwm.c.obj)
                0x000000000000671c                log_const_led_pwm
 ._log_const.static.log_const_log_
                0x0000000000006724        0x8 zephyr/libzephyr.a(log_core.c.obj)
                0x0000000000006724                log_const_log
 ._log_const.static.log_const_log_mgmt_
                0x000000000000672c        0x8 zephyr/libzephyr.a(log_mgmt.c.obj)
                0x000000000000672c                log_const_log_mgmt
 ._log_const.static.log_const_log_uart_
                0x0000000000006734        0x8 zephyr/libzephyr.a(log_backend_uart.c.obj)
                0x0000000000006734                log_const_log_uart
 ._log_const.static.log_const_main_
                0x000000000000673c        0x8 app/libapp.a(main.c.obj)
                0x000000000000673c                log_const_main
 ._log_const.static.log_const_mpu_
                0x0000000000006744        0x8 zephyr/arch/arch/arm/core/mpu/libarch__arm__core__mpu.a(arm_core_mpu.c.obj)
                0x0000000000006744                log_const_mpu
 ._log_const.static.log_const_os_
                0x000000000000674c        0x8 zephyr/kernel/libkernel.a(init.c.obj)
                0x000000000000674c                log_const_os
 ._log_const.static.log_const_pwm_nrfx_
                0x0000000000006754        0x8 zephyr/drivers/pwm/libdrivers__pwm.a(pwm_nrfx.c.obj)
                0x0000000000006754                log_const_pwm_nrfx
 ._log_const.static.log_const_soc_
                0x000000000000675c        0x8 zephyr/soc/soc/nrf52833/libsoc__nordic.a(soc.c.obj)
                0x000000000000675c                log_const_soc
 ._log_const.static.log_const_uart_nrfx_uarte_
                0x0000000000006764        0x8 zephyr/drivers/serial/libdrivers__serial.a(uart_nrfx_uarte.c.obj)
                0x0000000000006764                log_const_uart_nrfx_uarte
                0x000000000000676c                _log_const_list_end = .

log_backend_area
                0x000000000000676c       0x20
                0x000000000000676c                _log_backend_list_start = .
 *(SORT_BY_NAME(SORT_BY_ALIGNMENT(._log_backend.static.*)))
 ._log_backend.static.log_backend_rtt_
                0x000000000000676c       0x10 zephyr/libzephyr.a(log_backend_rtt.c.obj)
 ._log_backend.static.log_backend_uart_
                0x000000000000677c       0x10 zephyr/libzephyr.a(log_backend_uart.c.obj)
                0x000000000000678c                _log_backend_list_end = .

log_link_area   0x000000000000678c        0x0
                0x000000000000678c                _log_link_list_start = .
 *(SORT_BY_NAME(SORT_BY_ALIGNMENT(._log_link.static.*)))
                0x000000000000678c                _log_link_list_end = .

tracing_backend_area
                0x000000000000678c        0x0
                0x000000000000678c                _tracing_backend_list_start = .
 *(SORT_BY_NAME(SORT_BY_ALIGNMENT(._tracing_backend.static.*)))
                0x000000000000678c                _tracing_backend_list_end = .

zephyr_dbg_info
 *(SORT_BY_ALIGNMENT(.dbg_thread_info))

intc_table_area
                0x000000000000678c        0x0
                0x000000000000678c                _intc_table_list_start = .
 *(SORT_BY_NAME(SORT_BY_ALIGNMENT(._intc_table.static.*)))
                0x000000000000678c                _intc_table_list_end = .

symbol_to_keep  0x000000000000678c        0x0
                0x000000000000678c                __symbol_to_keep_start = .
 *(SORT_BY_NAME(SORT_BY_ALIGNMENT(.symbol_to_keep*)))
                0x000000000000678c                __symbol_to_keep_end = .

shell_area      0x000000000000678c        0x0
                0x000000000000678c                _shell_list_start = .
 *(SORT_BY_NAME(SORT_BY_ALIGNMENT(._shell.static.*)))
                0x000000000000678c                _shell_list_end = .

shell_root_cmds_area
                0x000000000000678c        0x0
                0x000000000000678c                _shell_root_cmds_list_start = .
 *(SORT_BY_NAME(SORT_BY_ALIGNMENT(._shell_root_cmds.static.*)))
                0x000000000000678c                _shell_root_cmds_list_end = .

shell_subcmds_area
                0x000000000000678c        0x0
                0x000000000000678c                _shell_subcmds_list_start = .
 *(SORT_BY_NAME(SORT_BY_ALIGNMENT(._shell_subcmds.static.*)))
                0x000000000000678c                _shell_subcmds_list_end = .

shell_dynamic_subcmds_area
                0x000000000000678c        0x0
                0x000000000000678c                _shell_dynamic_subcmds_list_start = .
 *(SORT_BY_NAME(SORT_BY_ALIGNMENT(._shell_dynamic_subcmds.static.*)))
                0x000000000000678c                _shell_dynamic_subcmds_list_end = .

cfb_font_area   0x000000000000678c        0x0
                0x000000000000678c                _cfb_font_list_start = .
 *(SORT_BY_NAME(SORT_BY_ALIGNMENT(._cfb_font.static.*)))
                0x000000000000678c                _cfb_font_list_end = .

tdata           0x000000000000678c        0x0
 *(SORT_BY_ALIGNMENT(.tdata) SORT_BY_ALIGNMENT(.tdata.*) SORT_BY_ALIGNMENT(.gnu.linkonce.td.*))

tbss            0x000000000000678c        0x4
 *(SORT_BY_ALIGNMENT(.tbss) SORT_BY_ALIGNMENT(.tbss.*) SORT_BY_ALIGNMENT(.gnu.linkonce.tb.*) SORT_BY_ALIGNMENT(.tcommon))
 .tbss.z_tls_current
                0x000000000000678c        0x4 zephyr/libzephyr.a(thread_entry.c.obj)
                0x000000000000678c                z_tls_current
                0x000000000000678c                PROVIDE (__tdata_start = LOADADDR (tdata))
                0x0000000000000001                PROVIDE (__tdata_align = ALIGNOF (tdata))
                0x0000000000000000                PROVIDE (__tdata_size = (((SIZEOF (tdata) + __tdata_align) - 0x1) & ~ ((__tdata_align - 0x1))))
                [!provide]                        PROVIDE (__tdata_end = (__tdata_start + __tdata_size))
                0x0000000000000004                PROVIDE (__tbss_align = ALIGNOF (tbss))
                [!provide]                        PROVIDE (__tbss_start = ADDR (tbss))
                0x0000000000000004                PROVIDE (__tbss_size = (((SIZEOF (tbss) + __tbss_align) - 0x1) & ~ ((__tbss_align - 0x1))))
                [!provide]                        PROVIDE (__tbss_end = (__tbss_start + __tbss_size))
                [!provide]                        PROVIDE (__tls_start = __tdata_start)
                [!provide]                        PROVIDE (__tls_end = __tbss_end)
                [!provide]                        PROVIDE (__tls_size = (__tbss_end - __tdata_start))

rodata          0x0000000000006790      0xba4
 *(SORT_BY_ALIGNMENT(.rodata))
 *(SORT_BY_ALIGNMENT(.rodata.*))
 .rodata.delay_machine_code.0
                0x0000000000006790        0x6 zephyr/soc/soc/nrf52833/libsoc__nordic.a(soc.c.obj)
 *fill*         0x0000000000006796        0x2 
 .rodata.format_table
                0x0000000000006798       0x10 zephyr/libzephyr.a(log_core.c.obj)
 .rodata.colors
                0x00000000000067a8       0x14 zephyr/libzephyr.a(log_output.c.obj)
 .rodata.severity
                0x00000000000067bc       0x14 zephyr/libzephyr.a(log_output.c.obj)
 .rodata.log_backend_rtt_api
                0x00000000000067d0       0x1c zephyr/libzephyr.a(log_backend_rtt.c.obj)
                0x00000000000067d0                log_backend_rtt_api
 .rodata.log_output_rtt
                0x00000000000067ec       0x10 zephyr/libzephyr.a(log_backend_rtt.c.obj)
 .rodata.lbu_cb_ctx
                0x00000000000067fc        0x8 zephyr/libzephyr.a(log_backend_uart.c.obj)
 .rodata.lbu_output
                0x0000000000006804       0x10 zephyr/libzephyr.a(log_backend_uart.c.obj)
 .rodata.log_backend_uart_api
                0x0000000000006814       0x1c zephyr/libzephyr.a(log_backend_uart.c.obj)
                0x0000000000006814                log_backend_uart_api
 .rodata.mem_attr_region
                0x0000000000006830        0x0 zephyr/libzephyr.a(mem_attr.c.obj)
 .rodata.static_regions
                0x0000000000006830        0xc zephyr/arch/arch/arm/core/mpu/libarch__arm__core__mpu.a(arm_core_mpu.c.obj)
 .rodata.mpu_config
                0x000000000000683c        0x8 zephyr/arch/arch/arm/core/mpu/libarch__arm__core__mpu.a(arm_mpu_regions.c.obj)
                0x000000000000683c                mpu_config
 .rodata.mpu_regions
                0x0000000000006844       0x18 zephyr/arch/arch/arm/core/mpu/libarch__arm__core__mpu.a(arm_mpu_regions.c.obj)
 .rodata.transitions.0
                0x000000000000685c        0xc zephyr/drivers/clock_control/libdrivers__clock_control.a(clock_control_nrf.c.obj)
 .rodata.config
                0x0000000000006868       0x18 zephyr/drivers/clock_control/libdrivers__clock_control.a(clock_control_nrf.c.obj)
 .rodata.clock_control_api
                0x0000000000006880       0x1c zephyr/drivers/clock_control/libdrivers__clock_control.a(clock_control_nrf.c.obj)
 .rodata.gpio_nrfx_p1_cfg
                0x000000000000689c       0x18 zephyr/drivers/gpio/libdrivers__gpio.a(gpio_nrfx.c.obj)
 .rodata.gpio_nrfx_p0_cfg
                0x00000000000068b4       0x18 zephyr/drivers/gpio/libdrivers__gpio.a(gpio_nrfx.c.obj)
 .rodata.gpio_nrfx_drv_api_funcs
                0x00000000000068cc       0x24 zephyr/drivers/gpio/libdrivers__gpio.a(gpio_nrfx.c.obj)
 .rodata.led_gpio_config_0
                0x00000000000068f0        0x8 zephyr/drivers/led/libdrivers__led.a(led_gpio.c.obj)
 .rodata.gpio_dt_spec_0
                0x00000000000068f8       0x20 zephyr/drivers/led/libdrivers__led.a(led_gpio.c.obj)
 .rodata.led_gpio_api
                0x0000000000006918       0x1c zephyr/drivers/led/libdrivers__led.a(led_gpio.c.obj)
 .rodata.led_pwm_config_0
                0x0000000000006934        0x8 zephyr/drivers/led/libdrivers__led.a(led_pwm.c.obj)
 .rodata.led_pwm_0
                0x000000000000693c       0x10 zephyr/drivers/led/libdrivers__led.a(led_pwm.c.obj)
 .rodata.led_pwm_api
                0x000000000000694c       0x1c zephyr/drivers/led/libdrivers__led.a(led_pwm.c.obj)
 .rodata.pwm_nrfx_0_config
                0x0000000000006968       0x40 zephyr/drivers/pwm/libdrivers__pwm.a(pwm_nrfx.c.obj)
 .rodata.__pinctrl_dev_config__device_dts_ord_59
                0x00000000000069a8        0xc zephyr/drivers/pwm/libdrivers__pwm.a(pwm_nrfx.c.obj)
 .rodata.__pinctrl_states__device_dts_ord_59
                0x00000000000069b4        0x8 zephyr/drivers/pwm/libdrivers__pwm.a(pwm_nrfx.c.obj)
 .rodata.__pinctrl_state_pins_0__device_dts_ord_59
                0x00000000000069bc        0x4 zephyr/drivers/pwm/libdrivers__pwm.a(pwm_nrfx.c.obj)
 .rodata.pwm_nrfx_drv_api_funcs
                0x00000000000069c0        0x8 zephyr/drivers/pwm/libdrivers__pwm.a(pwm_nrfx.c.obj)
 .rodata.uarte_0z_config
                0x00000000000069c8       0x24 zephyr/drivers/serial/libdrivers__serial.a(uart_nrfx_uarte.c.obj)
 .rodata.__pinctrl_dev_config__device_dts_ord_102
                0x00000000000069ec        0xc zephyr/drivers/serial/libdrivers__serial.a(uart_nrfx_uarte.c.obj)
 .rodata.__pinctrl_states__device_dts_ord_102
                0x00000000000069f8        0x8 zephyr/drivers/serial/libdrivers__serial.a(uart_nrfx_uarte.c.obj)
 .rodata.__pinctrl_state_pins_0__device_dts_ord_102
                0x0000000000006a00       0x10 zephyr/drivers/serial/libdrivers__serial.a(uart_nrfx_uarte.c.obj)
 .rodata.uart_nrfx_uarte_driver_api
                0x0000000000006a10        0xc zephyr/drivers/serial/libdrivers__serial.a(uart_nrfx_uarte.c.obj)
 .rodata.CSWTCH.15
                0x0000000000006a1c       0x14 zephyr/kernel/libkernel.a(fatal.c.obj)
 .rodata.levels.0
                0x0000000000006a30       0x18 zephyr/kernel/libkernel.a(init.c.obj)
 .rodata.main.str1.1
                0x0000000000006a48       0x8e app/libapp.a(main.c.obj)
 .rodata.str1.1
                0x0000000000006ad6        0x5 app/libapp.a(main.c.obj)
 .rodata.str1.1
                0x0000000000006adb       0x11 zephyr/libzephyr.a(cbprintf_packaged.c.obj)
 .rodata.str1.1
                0x0000000000006aec        0x4 zephyr/libzephyr.a(log_core.c.obj)
 .rodata.str1.1
                0x0000000000006af0        0x9 zephyr/libzephyr.a(log_mgmt.c.obj)
 .rodata.z_log_msg_runtime_vcreate.str1.1
                0x0000000000006af9       0x38 zephyr/libzephyr.a(log_msg.c.obj)
 .rodata.newline_print.str1.1
                0x0000000000006b31        0x3 zephyr/libzephyr.a(log_output.c.obj)
                                          0x5 (size before relaxing)
 .rodata.log_output_process.str1.1
                0x0000000000006b34       0x4c zephyr/libzephyr.a(log_output.c.obj)
                                         0x51 (size before relaxing)
 .rodata.str1.1
                0x0000000000006b80       0x20 zephyr/libzephyr.a(log_output.c.obj)
 .rodata.str1.1
                0x0000000000006ba0       0x10 zephyr/libzephyr.a(log_backend_rtt.c.obj)
 .rodata.str1.1
                0x0000000000006bb0       0x1a zephyr/libzephyr.a(log_backend_uart.c.obj)
 .rodata.boot_banner.str1.1
                0x0000000000006bca       0x63 zephyr/libzephyr.a(banner.c.obj)
 .rodata.z_arm_fatal_error.str1.1
                0x0000000000006c2d       0xae zephyr/arch/arch/arm/core/libarch__arm__core.a(fatal.c.obj)
 .rodata.bus_fault.constprop.0.str1.1
                0x0000000000006cdb       0xca zephyr/arch/arch/arm/core/cortex_m/libarch__arm__core__cortex_m.a(fault.c.obj)
 .rodata.usage_fault.constprop.0.str1.1
                0x0000000000006da5       0xcd zephyr/arch/arch/arm/core/cortex_m/libarch__arm__core__cortex_m.a(fault.c.obj)
 .rodata.mem_manage_fault.str1.1
                0x0000000000006e72       0x96 zephyr/arch/arch/arm/core/cortex_m/libarch__arm__core__cortex_m.a(fault.c.obj)
 .rodata.z_arm_fault.str1.1
                0x0000000000006f08      0x111 zephyr/arch/arch/arm/core/cortex_m/libarch__arm__core__cortex_m.a(fault.c.obj)
 .rodata.str1.1
                0x0000000000007019        0x4 zephyr/arch/arch/arm/core/mpu/libarch__arm__core__mpu.a(arm_core_mpu.c.obj)
 .rodata.region_allocate_and_init.str1.1
                0x000000000000701d       0x26 zephyr/arch/arch/arm/core/mpu/libarch__arm__core__mpu.a(arm_mpu.c.obj)
 .rodata.mpu_configure_regions.str1.1
                0x0000000000007043       0x23 zephyr/arch/arch/arm/core/mpu/libarch__arm__core__mpu.a(arm_mpu.c.obj)
 .rodata.str1.1
                0x0000000000007066        0xf zephyr/arch/arch/arm/core/mpu/libarch__arm__core__mpu.a(arm_mpu_regions.c.obj)
 .rodata.str1.1
                0x0000000000007075        0x4 zephyr/soc/soc/nrf52833/libsoc__nordic.a(soc.c.obj)
 .rodata.str1.1
                0x0000000000007079       0x29 zephyr/drivers/clock_control/libdrivers__clock_control.a(clock_control_nrf.c.obj)
 .rodata.str1.1
                0x00000000000070a2       0x1c zephyr/drivers/gpio/libdrivers__gpio.a(gpio_nrfx.c.obj)
 .rodata.led_gpio_init.str1.1
                0x00000000000070be       0x64 zephyr/drivers/led/libdrivers__led.a(led_gpio.c.obj)
 .rodata.str1.1
                0x0000000000007122        0x9 zephyr/drivers/led/libdrivers__led.a(led_gpio.c.obj)
                                          0xe (size before relaxing)
 .rodata.led_pwm_init.str1.1
                0x000000000000712b       0x19 zephyr/drivers/led/libdrivers__led.a(led_pwm.c.obj)
                                         0x44 (size before relaxing)
 .rodata.str1.1
                0x0000000000007144       0x10 zephyr/drivers/led/libdrivers__led.a(led_pwm.c.obj)
 .rodata.drive_modes
                0x0000000000007154        0x8 zephyr/drivers/pinctrl/libdrivers__pinctrl.a(pinctrl_nrf.c.obj)
 .rodata.pwm_nrfx_set_cycles.str1.1
                0x000000000000715c       0x54 zephyr/drivers/pwm/libdrivers__pwm.a(pwm_nrfx.c.obj)
 .rodata.pwm_nrfx_init0.str1.1
                0x00000000000071b0       0x20 zephyr/drivers/pwm/libdrivers__pwm.a(pwm_nrfx.c.obj)
 .rodata.str1.1
                0x00000000000071d0       0x16 zephyr/drivers/pwm/libdrivers__pwm.a(pwm_nrfx.c.obj)
 .rodata.z_log_msg_runtime_create.constprop.0.str1.1
                0x00000000000071e6       0x1f zephyr/drivers/serial/libdrivers__serial.a(uart_nrfx_uarte.c.obj)
 .rodata.str1.1
                0x0000000000007205       0x1e zephyr/drivers/serial/libdrivers__serial.a(uart_nrfx_uarte.c.obj)
 .rodata.port_offset.1
                0x0000000000007223       0x10 modules/hal_nordic/nrfx/libmodules__hal_nordic__nrfx.a(nrfx_gpiote.c.obj)
 .rodata.ports  0x0000000000007233        0x2 modules/hal_nordic/nrfx/libmodules__hal_nordic__nrfx.a(nrfx_gpiote.c.obj)
 .rodata._DoInit.str1.1
                0x0000000000007235        0x9 modules/segger/libmodules__segger.a(SEGGER_RTT.c.obj)
 .rodata._aInitStr.0
                0x000000000000723e       0x11 modules/segger/libmodules__segger.a(SEGGER_RTT.c.obj)
 .rodata.k_sys_fatal_error_handler.str1.1
                0x000000000000724f        0xf zephyr/kernel/libkernel.a(fatal.c.obj)
 .rodata.z_fatal_error.str1.1
                0x000000000000725e       0x77 zephyr/kernel/libkernel.a(fatal.c.obj)
 .rodata.str1.1
                0x00000000000072d5       0x4a zephyr/kernel/libkernel.a(fatal.c.obj)
 .rodata.z_cstart.str1.1
                0x000000000000731f        0x5 zephyr/kernel/libkernel.a(init.c.obj)
 .rodata.str1.1
                0x000000000000731f        0x3 zephyr/kernel/libkernel.a(init.c.obj)
 .rodata.__l_vfprintf.str1.1
                0x0000000000007322        0xf /opt/nordic/ncs/toolchains/b8efef2ad5/opt/zephyr-sdk/arm-zephyr-eabi/bin/../lib/gcc/../../picolibc/arm-zephyr-eabi/lib/thumb/v7e-m/nofp/libc.a(libc_tinystdio_vflprintf.c.o)
 *(SORT_BY_ALIGNMENT(.gnu.linkonce.r.*))
                0x0000000000007334                . = ALIGN (0x4)
 *fill*         0x0000000000007331        0x3 
                0x0000000000007334                __rodata_region_end = .
                0x0000000000007340                . = ALIGN (_region_min_align)
                0x0000000000008000                . = ALIGN ((0x1 << LOG2CEIL ((__rodata_region_end - ADDR (rom_start)))))
                0x0000000000008000                __rom_region_end = ((__rom_region_start + .) - ADDR (rom_start))

/DISCARD/
 *(SORT_BY_ALIGNMENT(.got.plt))
 *(SORT_BY_ALIGNMENT(.igot.plt))
 *(SORT_BY_ALIGNMENT(.got))
 *(SORT_BY_ALIGNMENT(.igot))
                0x0000000020000000                . = 0x20000000
                0x0000000020000000                . = ALIGN (_region_min_align)
                0x0000000020000000                _image_ram_start = .

_RTT_SECTION_NAME
                0x0000000020000000      0x4b8
                0x0000000020000000                __rtt_buff_data_start = .
 *(SORT_BY_ALIGNMENT(.rtt_buff_data))
 .rtt_buff_data
                0x0000000020000000      0x4b8 modules/segger/libmodules__segger.a(SEGGER_RTT.c.obj)
                0x0000000020000410                _SEGGER_RTT
                0x00000000200004b8                __rtt_buff_data_end = ALIGN (0x4)
                0x00000000000004b8                __rtt_buff_data_size = (__rtt_buff_data_end - __rtt_buff_data_start)

.ramfunc        0x00000000200004b8        0x8 load address 0x0000000000007334
                0x00000000200004c0                . = ALIGN (_region_min_align)
 *fill*         0x00000000200004b8        0x8 
                0x00000000200004c0                . = ALIGN ((0x1 << LOG2CEIL (__ramfunc_size)))
                0x00000000200004c0                __ramfunc_start = .
 *(SORT_BY_ALIGNMENT(.ramfunc))
 *(SORT_BY_ALIGNMENT(.ramfunc.*))
                0x00000000200004c0                . = ALIGN (_region_min_align)
                0x00000000200004c0                . = ALIGN ((0x1 << LOG2CEIL (__ramfunc_size)))
                0x00000000200004c0                __ramfunc_end = .
                0x0000000000000000                __ramfunc_size = (__ramfunc_end - __ramfunc_start)
                0x0000000000007334                __ramfunc_load_start = LOADADDR (.ramfunc)

datas           0x00000000200004c0       0xa4 load address 0x000000000000733c
                0x00000000200004c0                __data_region_start = .
                0x00000000200004c0                __data_start = .
 *(SORT_BY_ALIGNMENT(.data))
 *(SORT_BY_ALIGNMENT(.data.*))
 .data._char_out
                0x00000000200004c0        0x4 zephyr/libzephyr.a(printk.c.obj)
 .data.timestamp_func
                0x00000000200004c4        0x4 zephyr/libzephyr.a(log_core.c.obj)
 .data.backend_cb_log_backend_uart
                0x00000000200004c8        0x8 zephyr/libzephyr.a(log_backend_uart.c.obj)
 .data.__stdout
                0x00000000200004d0       0x10 zephyr/lib/libc/picolibc/liblib__libc__picolibc.a(libc-hooks.c.obj)
 .data.m_cb     0x00000000200004e0       0x78 modules/hal_nordic/nrfx/libmodules__hal_nordic__nrfx.a(nrfx_gpiote.c.obj)
 .data.m_channels_allocated
                0x0000000020000558        0x4 modules/hal_nordic/nrfx/libmodules__hal_nordic__nrfx.a(nrfx_ppi.c.obj)
 .data.timeout_list
                0x000000002000055c        0x8 zephyr/kernel/libkernel.a(timeout.c.obj)
 *(SORT_BY_ALIGNMENT(.kernel.*))
                0x0000000020000564                __data_end = .
                0x00000000000000a4                __data_size = (__data_end - __data_start)
                0x000000000000733c                __data_load_start = LOADADDR (datas)
                0x000000000000733c                __data_region_load_start = LOADADDR (datas)

device_states   0x0000000020000564        0xe load address 0x00000000000073e0
                0x0000000020000564                __device_states_start = .
 *(SORT_BY_ALIGNMENT(.z_devstate))
 .z_devstate    0x0000000020000564        0x2 zephyr/drivers/clock_control/libdrivers__clock_control.a(clock_control_nrf.c.obj)
 .z_devstate    0x0000000020000566        0x4 zephyr/drivers/gpio/libdrivers__gpio.a(gpio_nrfx.c.obj)
 .z_devstate    0x000000002000056a        0x2 zephyr/drivers/led/libdrivers__led.a(led_gpio.c.obj)
 .z_devstate    0x000000002000056c        0x2 zephyr/drivers/led/libdrivers__led.a(led_pwm.c.obj)
 .z_devstate    0x000000002000056e        0x2 zephyr/drivers/pwm/libdrivers__pwm.a(pwm_nrfx.c.obj)
 .z_devstate    0x0000000020000570        0x2 zephyr/drivers/serial/libdrivers__serial.a(uart_nrfx_uarte.c.obj)
 *(SORT_BY_ALIGNMENT(.z_devstate.*))
                0x0000000020000572                __device_states_end = .

log_mpsc_pbuf_area
                0x0000000020000572        0x0 load address 0x00000000000073ee
                0x0000000020000572                _log_mpsc_pbuf_list_start = .
 *(SORT_BY_NAME(SORT_BY_ALIGNMENT(._log_mpsc_pbuf.static.*)))
                0x0000000020000572                _log_mpsc_pbuf_list_end = .

log_msg_ptr_area
                0x0000000020000574        0x4 load address 0x00000000000073f0
                0x0000000020000574                _log_msg_ptr_list_start = .
 *(SORT_BY_NAME(SORT_BY_ALIGNMENT(._log_msg_ptr.static.*)))
 ._log_msg_ptr.static.log_msg_ptr_
                0x0000000020000574        0x4 zephyr/libzephyr.a(log_core.c.obj)
                0x0000000020000578                _log_msg_ptr_list_end = .

log_dynamic_area
                0x0000000020000578        0x0 load address 0x00000000000073f4
                0x0000000020000578                _log_dynamic_list_start = .
 *(SORT_BY_NAME(SORT_BY_ALIGNMENT(._log_dynamic.static.*)))
                0x0000000020000578                _log_dynamic_list_end = .

k_timer_area    0x0000000020000578        0x0 load address 0x00000000000073f4
                0x0000000020000578                _k_timer_list_start = .
 *(SORT_BY_NAME(SORT_BY_ALIGNMENT(._k_timer.static.*)))
                0x0000000020000578                _k_timer_list_end = .

k_mem_slab_area
                0x0000000020000578        0x0 load address 0x00000000000073f4
                0x0000000020000578                _k_mem_slab_list_start = .
 *(SORT_BY_NAME(SORT_BY_ALIGNMENT(._k_mem_slab.static.*)))
                0x0000000020000578                _k_mem_slab_list_end = .

k_heap_area     0x0000000020000578        0x0 load address 0x00000000000073f4
                0x0000000020000578                _k_heap_list_start = .
 *(SORT_BY_NAME(SORT_BY_ALIGNMENT(._k_heap.static.*)))
                0x0000000020000578                _k_heap_list_end = .

k_mutex_area    0x0000000020000578        0x0 load address 0x00000000000073f4
                0x0000000020000578                _k_mutex_list_start = .
 *(SORT_BY_NAME(SORT_BY_ALIGNMENT(._k_mutex.static.*)))
                0x0000000020000578                _k_mutex_list_end = .

k_stack_area    0x0000000020000578        0x0 load address 0x00000000000073f4
                0x0000000020000578                _k_stack_list_start = .
 *(SORT_BY_NAME(SORT_BY_ALIGNMENT(._k_stack.static.*)))
                0x0000000020000578                _k_stack_list_end = .

k_msgq_area     0x0000000020000578        0x0 load address 0x00000000000073f4
                0x0000000020000578                _k_msgq_list_start = .
 *(SORT_BY_NAME(SORT_BY_ALIGNMENT(._k_msgq.static.*)))
                0x0000000020000578                _k_msgq_list_end = .

k_mbox_area     0x0000000020000578        0x0 load address 0x00000000000073f4
                0x0000000020000578                _k_mbox_list_start = .
 *(SORT_BY_NAME(SORT_BY_ALIGNMENT(._k_mbox.static.*)))